Component: ARM Compiler 5.06 update 6 (build 750) Tool: armlink [4d35ed]

==============================================================================

Section Cross References

    main.o(i.HAL_Get_CPU_RCC_Clock) refers to stm32h7xx_hal_rcc.o(i.HAL_RCC_GetSysClockFreq) for HAL_RCC_GetSysClockFreq
    main.o(i.HAL_Get_CPU_RCC_Clock) refers to printfa.o(i.__0printf) for __2printf
    main.o(i.HAL_Get_CPU_RCC_Clock) refers to stm32h7xx_hal_rcc.o(i.HAL_RCC_GetHCLKFreq) for HAL_RCC_GetHCLKFreq
    main.o(i.HAL_Get_CPU_RCC_Clock) refers to stm32h7xx_hal_rcc.o(i.HAL_RCC_GetPCLK1Freq) for HAL_RCC_GetPCLK1Freq
    main.o(i.HAL_Get_CPU_RCC_Clock) refers to stm32h7xx_hal_rcc.o(i.HAL_RCC_GetPCLK2Freq) for HAL_RCC_GetPCLK2Freq
    main.o(i.MPU_Config) refers to stm32h7xx_hal_cortex.o(i.HAL_MPU_Disable) for HAL_MPU_Disable
    main.o(i.MPU_Config) refers to stm32h7xx_hal_cortex.o(i.HAL_MPU_ConfigRegion) for HAL_MPU_ConfigRegion
    main.o(i.MPU_Config) refers to stm32h7xx_hal_cortex.o(i.HAL_MPU_Enable) for HAL_MPU_Enable
    main.o(i.SystemClock_Config) refers to stm32h7xx_hal_rcc.o(i.HAL_RCC_OscConfig) for HAL_RCC_OscConfig
    main.o(i.SystemClock_Config) refers to stm32h7xx_hal_rcc.o(i.HAL_RCC_ClockConfig) for HAL_RCC_ClockConfig
    main.o(i.SystemClock_Config) refers to stm32h7xx_hal.o(i.HAL_EnableCompensationCell) for HAL_EnableCompensationCell
    main.o(i.SystemClock_Config) refers to stm32h7xx_hal_rcc_ex.o(i.HAL_RCCEx_PeriphCLKConfig) for HAL_RCCEx_PeriphCLKConfig
    main.o(i.SystemClock_Config) refers to main.o(.bss) for .bss
    main.o(i.clc_watchdog) refers to stm32h7xx_hal_gpio.o(i.HAL_GPIO_TogglePin) for HAL_GPIO_TogglePin
    main.o(i.main) refers to printfa.o(i.__0printf) for __2printf
    main.o(i.main) refers to sdmmc.o(i.MX_SDMMC2_SD_Init) for MX_SDMMC2_SD_Init
    main.o(i.main) refers to main.o(i.clc_watchdog) for clc_watchdog
    main.o(i.main) refers to fatfs.o(i.MX_FATFS_Init) for MX_FATFS_Init
    main.o(i.main) refers to dma.o(i.MX_DMA_Init) for MX_DMA_Init
    main.o(i.main) refers to tim.o(i.MX_TIM2_Init) for MX_TIM2_Init
    main.o(i.main) refers to fmc.o(i.MX_FMC_Init) for MX_FMC_Init
    main.o(i.main) refers to main.o(i.HAL_Get_CPU_RCC_Clock) for HAL_Get_CPU_RCC_Clock
    main.o(i.main) refers to thread.o(i.rt_thread_mdelay) for rt_thread_mdelay
    main.o(i.main) refers to sdmmc.o(i.Get_CardInfo) for Get_CardInfo
    main.o(i.main) refers to sdmmc_fatfs.o(i.Fatfs_RW_test) for Fatfs_RW_test
    main.o(i.main) refers to usb_device.o(i.MX_USB_DEVICE_Init) for MX_USB_DEVICE_Init
    main.o(i.main) refers to stm32h7xx_hal_gpio.o(i.HAL_GPIO_WritePin) for HAL_GPIO_WritePin
    main.o(i.main) refers to hdas_thread.o(i.hdas_test_thread_init) for hdas_test_thread_init
    main.o(i.main) refers to main.o(.bss) for .bss
    hdas_thread.o(i.hdas_test_thread_init) refers to thread.o(i.rt_thread_init) for rt_thread_init
    hdas_thread.o(i.hdas_test_thread_init) refers to thread.o(i.rt_thread_startup) for rt_thread_startup
    hdas_thread.o(i.hdas_test_thread_init) refers to hdas_thread.o(.bss) for .bss
    hdas_thread.o(i.hdas_test_thread_init) refers to hdas_thread.o(i.test_thread_entry) for test_thread_entry
    hdas_thread.o(i.hdas_thread_init) refers to thread.o(i.rt_thread_init) for rt_thread_init
    hdas_thread.o(i.hdas_thread_init) refers to ipc.o(i.rt_sem_init) for rt_sem_init
    hdas_thread.o(i.hdas_thread_init) refers to thread.o(i.rt_thread_startup) for rt_thread_startup
    hdas_thread.o(i.hdas_thread_init) refers to hdas_thread.o(.bss) for .bss
    hdas_thread.o(i.hdas_thread_init) refers to hdas_thread.o(i.storage_thread_entry) for storage_thread_entry
    hdas_thread.o(i.hdas_thread_init) refers to hdas_thread.o(i.key1_thread_entry) for key1_thread_entry
    hdas_thread.o(i.hdas_thread_init) refers to hdas_thread.o(i.key2_thread_entry) for key2_thread_entry
    hdas_thread.o(i.hdas_thread_init) refers to hdas_thread.o(i.led1_thread_entry) for led1_thread_entry
    hdas_thread.o(i.key1_thread_entry) refers to thread.o(i.rt_thread_mdelay) for rt_thread_mdelay
    hdas_thread.o(i.key1_thread_entry) refers to stm32h7xx_hal_gpio.o(i.HAL_GPIO_ReadPin) for HAL_GPIO_ReadPin
    hdas_thread.o(i.key1_thread_entry) refers to printfa.o(i.__0printf) for __2printf
    hdas_thread.o(i.key1_thread_entry) refers to usb_device.o(i.MX_USB_DEVICE_DeInit) for MX_USB_DEVICE_DeInit
    hdas_thread.o(i.key1_thread_entry) refers to stm32h7xx_hal_gpio.o(i.HAL_GPIO_WritePin) for HAL_GPIO_WritePin
    hdas_thread.o(i.key1_thread_entry) refers to ff.o(i.f_mount) for f_mount
    hdas_thread.o(i.key1_thread_entry) refers to main.o(i.Error_Handler) for Error_Handler
    hdas_thread.o(i.key1_thread_entry) refers to printfa.o(i.__0sprintf) for __2sprintf
    hdas_thread.o(i.key1_thread_entry) refers to ff.o(i.f_open) for f_open
    hdas_thread.o(i.key1_thread_entry) refers to dma.o(i.MX_DMA_Init) for MX_DMA_Init
    hdas_thread.o(i.key1_thread_entry) refers to tim.o(i.MX_TIM2_Init) for MX_TIM2_Init
[...]
    0x08000298   0x08000298   0x00000000   Code   RO        10374  * .ARM.Collect$$$$00000000  mc_w.l(entry.o)
    0x08000298   0x08000298   0x00000004   Code   RO        10658    .ARM.Collect$$$$00000001  mc_w.l(entry2.o)
    0x0800029c   0x0800029c   0x00000004   Code   RO        10661    .ARM.Collect$$$$00000004  mc_w.l(entry5.o)
    0x080002a0   0x080002a0   0x00000000   Code   RO        10663    .ARM.Collect$$$$00000008  mc_w.l(entry7b.o)
    0x080002a0   0x080002a0   0x00000000   Code   RO        10665    .ARM.Collect$$$$0000000A  mc_w.l(entry8b.o)
    0x080002a0   0x080002a0   0x00000008   Code   RO        10666    .ARM.Collect$$$$0000000B  mc_w.l(entry9a.o)
    0x080002a8   0x080002a8   0x00000000   Code   RO        10668    .ARM.Collect$$$$0000000D  mc_w.l(entry10a.o)
    0x080002a8   0x080002a8   0x00000000   Code   RO        10670    .ARM.Collect$$$$0000000F  mc_w.l(entry11a.o)
    0x080002a8   0x080002a8   0x00000004   Code   RO        10659    .ARM.Collect$$$$00002712  mc_w.l(entry2.o)
    0x080002ac   0x080002ac   0x00000024   Code   RO         7064    .text               startup_stm32h743xx.o
    0x080002d0   0x080002d0   0x00000134   Code   RO         9334    .text               context_rvds.o
    0x08000404   0x08000404   0x00000062   Code   RO        10377    .text               mc_w.l(uldiv.o)
    0x08000466   0x08000466   0x00000024   Code   RO        10379    .text               mc_w.l(memcpya.o)
    0x0800048a   0x0800048a   0x00000024   Code   RO        10381    .text               mc_w.l(memseta.o)
    0x080004ae   0x080004ae   0x00000018   Code   RO        10383    .text               mc_w.l(strcat.o)
    0x080004c6   0x080004c6   0x00000018   Code   RO        10385    .text               mc_w.l(strncpy.o)
    0x080004de   0x080004de   0x0000000e   Code   RO        10387    .text               mc_w.l(strlen.o)
    0x080004ec   0x080004ec   0x0000001a   Code   RO        10389    .text               mc_w.l(memcmp.o)
    0x08000506   0x08000506   0x00000012   Code   RO        10391    .text               mc_w.l(strcpy.o)
    0x08000518   0x08000518   0x0000001e   Code   RO        10393    .text               mc_w.l(strncmp.o)
    0x08000536   0x08000536   0x0000002c   Code   RO        10673    .text               mc_w.l(uidiv.o)
    0x08000562   0x08000562   0x0000001e   Code   RO        10675    .text               mc_w.l(llshl.o)
    0x08000580   0x08000580   0x00000020   Code   RO        10677    .text               mc_w.l(llushr.o)
    0x080005a0   0x080005a0   0x00000000   Code   RO        10679    .text               mc_w.l(iusefp.o)
    0x080005a0   0x080005a0   0x0000014e   Code   RO        10680    .text               mf_w.l(dadd.o)
    0x080006ee   0x080006ee   0x000000e4   Code   RO        10682    .text               mf_w.l(dmul.o)
    0x080007d2   0x080007d2   0x000000de   Code   RO        10684    .text               mf_w.l(ddiv.o)
    0x080008b0   0x080008b0   0x00000030   Code   RO        10686    .text               mf_w.l(dfixul.o)
    0x080008e0   0x080008e0   0x00000030   Code   RO        10688    .text               mf_w.l(cdrcmple.o)
    0x08000910   0x08000910   0x00000024   Code   RO        10690    .text               mc_w.l(init.o)
    0x08000934   0x08000934   0x00000024   Code   RO        10692    .text               mc_w.l(llsshr.o)
    0x08000958   0x08000958   0x000000ba   Code   RO        10694    .text               mf_w.l(depilogue.o)
    0x08000a12   0x08000a12   0x00000056   Code   RO        10704    .text               mc_w.l(__dczerorl2.o)
    0x08000a68   0x08000a68   0x0000000a   Code   RO         9261    i.$Sub$$main        components.o
    0x08000a72   0x08000a72   0x00000002   PAD
    0x08000a74   0x08000a74   0x00000028   Code   RO         1006    i.AD7606_DmaCplCb   fmc_tim_ad7606.o
    0x08000a9c   0x08000a9c   0x00000014   Code   RO         1007    i.AD7606_DmaHalfCplCb  fmc_tim_ad7606.o
    0x08000ab0   0x08000ab0   0x00000016   Code   RO         1008    i.AD7606_INIT       fmc_tim_ad7606.o
    0x08000ac6   0x08000ac6   0x00000002   PAD
    0x08000ac8   0x08000ac8   0x0000001c   Code   RO         1009    i.AD7606_Reset      fmc_tim_ad7606.o
    0x08000ae4   0x08000ae4   0x00000014   Code   RO         1010    i.AD7606_SetInputRange  fmc_tim_ad7606.o
    0x08000af8   0x08000af8   0x00000050   Code   RO         1011    i.AD7606_SetOS      fmc_tim_ad7606.o
    0x08000b48   0x08000b48   0x00000004   Code   RO         1012    i.AD7606_Start      fmc_tim_ad7606.o
    0x08000b4c   0x08000b4c   0x00000004   Code   RO         1013    i.AD7606_Stop       fmc_tim_ad7606.o
    0x08000b50   0x08000b50   0x0000000c   Code   RO         7100    i.BSP_SD_GetCardInfo  bsp_driver_sd.o
    0x08000b5c   0x08000b5c   0x00000018   Code   RO         7101    i.BSP_SD_GetCardState  bsp_driver_sd.o
    0x08000b74   0x08000b74   0x00000030   Code   RO         7103    i.BSP_SD_Init       bsp_driver_sd.o
    0x08000ba4   0x08000ba4   0x0000000e   Code   RO         7104    i.BSP_SD_IsDetected  bsp_driver_sd.o
    0x08000bb2   0x08000bb2   0x00000002   PAD
    0x08000bb4   0x08000bb4   0x0000001c   Code   RO         7106    i.BSP_SD_ReadBlocks_DMA  bsp_driver_sd.o
    0x08000bd0   0x08000bd0   0x0000000c   Code   RO         7213    i.BSP_SD_ReadCpltCallback  sd_diskio.o
    0x08000bdc   0x08000bdc   0x0000001c   Code   RO         7109    i.BSP_SD_WriteBlocks_DMA  bsp_driver_sd.o
    0x08000bf8   0x08000bf8   0x0000000c   Code   RO         7214    i.BSP_SD_WriteCpltCallback  sd_diskio.o
    0x08000c04   0x08000c04   0x00000002   Code   RO          721    i.BusFault_Handler  stm32h7xx_it.o
    0x08000c06   0x08000c06   0x00000002   PAD
    0x08000c08   0x08000c08   0x0000000c   Code   RO          722    i.DMA1_Stream0_IRQHandler  stm32h7xx_it.o
    0x08000c14   0x08000c14   0x000000b8   Code   RO         2238    i.DMA_CalcBaseAndBitshift  stm32h7xx_hal_dma.o
    0x08000ccc   0x08000ccc   0x000000a0   Code   RO         2239    i.DMA_CalcDMAMUXChannelBaseAndMask  stm32h7xx_hal_dma.o
    0x08000d6c   0x08000d6c   0x0000007c   Code   RO         2240    i.DMA_CalcDMAMUXRequestGenBaseAndMask  stm32h7xx_hal_dma.o
    0x08000de8   0x08000de8   0x00000054   Code   RO         2241    i.DMA_CheckFifoParam  stm32h7xx_hal_dma.o
    0x08000e3c   0x08000e3c   0x00000220   Code   RO         2242    i.DMA_SetConfig     stm32h7xx_hal_dma.o
    0x0800105c   0x0800105c   0x00000002   Code   RO          723    i.DebugMon_Handler  stm32h7xx_it.o
    0x0800105e   0x0800105e   0x00000006   Code   RO          724    i.EXTI0_IRQHandler  stm32h7xx_it.o
    0x08001064   0x08001064   0x00000002   Code   RO            5    i.Error_Handler     main.o
    0x08001066   0x08001066   0x00000006   Code   RO         7817    i.FATFS_LinkDriver  ff_gen_drv.o
    0x0800106c   0x0800106c   0x00000040   Code   RO         7818    i.FATFS_LinkDriverEx  ff_gen_drv.o
    0x080010ac   0x080010ac   0x0000003c   Code   RO         6160    i.FMC_NORSRAM_Extended_Timing_Init  stm32h7xx_ll_fmc.o
    0x080010e8   0x080010e8   0x0000008c   Code   RO         6161    i.FMC_NORSRAM_Init  stm32h7xx_ll_fmc.o
    0x08001174   0x08001174   0x00000064   Code   RO         6162    i.FMC_NORSRAM_Timing_Init  stm32h7xx_ll_fmc.o
    0x080011d8   0x080011d8   0x000000c8   Code   RO          499    i.Fatfa_GetFree_2   sdmmc_fatfs.o
    0x080012a0   0x080012a0   0x000002ac   Code   RO          500    i.Fatfs_RW_test     sdmmc_fatfs.o
    0x0800154c   0x0800154c   0x00000234   Code   RO          598    i.Get_CardInfo      sdmmc.o
    0x08001780   0x08001780   0x00000364   Code   RO         2243    i.HAL_DMA_Abort     stm32h7xx_hal_dma.o
    0x08001ae4   0x08001ae4   0x00000264   Code   RO         2244    i.HAL_DMA_Abort_IT  stm32h7xx_hal_dma.o
    0x08001d48   0x08001d48   0x000001e4   Code   RO         2245    i.HAL_DMA_DeInit    stm32h7xx_hal_dma.o
    0x08001f2c   0x08001f2c   0x000006fc   Code   RO         2248    i.HAL_DMA_IRQHandler  stm32h7xx_hal_dma.o
    0x08002628   0x08002628   0x000003b0   Code   RO         2249    i.HAL_DMA_Init      stm32h7xx_hal_dma.o
    0x080029d8   0x080029d8   0x00000056   Code   RO         2251    i.HAL_DMA_RegisterCallback  stm32h7xx_hal_dma.o
    0x08002a2e   0x08002a2e   0x00000002   PAD
    0x08002a30   0x08002a30   0x000002b4   Code   RO         2253    i.HAL_DMA_Start_IT  stm32h7xx_hal_dma.o
    0x08002ce4   0x08002ce4   0x00000024   Code   RO         3093    i.HAL_Delay         stm32h7xx_hal.o
    0x08002d08   0x08002d08   0x00000010   Code   RO         3100    i.HAL_EnableCompensationCell  stm32h7xx_hal.o
    0x08002d18   0x08002d18   0x00000084   Code   RO          958    i.HAL_FMC_MspInit   fmc.o
    0x08002d9c   0x08002d9c   0x00000174   Code   RO         2088    i.HAL_GPIO_DeInit   stm32h7xx_hal_gpio.o
    0x08002f10   0x08002f10   0x00000002   Code   RO         2089    i.HAL_GPIO_EXTI_Callback  stm32h7xx_hal_gpio.o
    0x08002f12   0x08002f12   0x00000018   Code   RO         2090    i.HAL_GPIO_EXTI_IRQHandler  stm32h7xx_hal_gpio.o
    0x08002f2a   0x08002f2a   0x00000002   PAD
    0x08002f2c   0x08002f2c   0x000001d0   Code   RO         2091    i.HAL_GPIO_Init     stm32h7xx_hal_gpio.o
    0x080030fc   0x080030fc   0x0000000a   Code   RO         2093    i.HAL_GPIO_ReadPin  stm32h7xx_hal_gpio.o
    0x08003106   0x08003106   0x00000010   Code   RO         2094    i.HAL_GPIO_TogglePin  stm32h7xx_hal_gpio.o
    0x08003116   0x08003116   0x0000000a   Code   RO         2095    i.HAL_GPIO_WritePin  stm32h7xx_hal_gpio.o
    0x08003120   0x08003120   0x0000000c   Code   RO         3104    i.HAL_GetREVID      stm32h7xx_hal.o
    0x0800312c   0x0800312c   0x00000004   Code   RO         3105    i.HAL_GetTick       stm32h7xx_hal.o
    0x08003130   0x08003130   0x00000110   Code   RO            6    i.HAL_Get_CPU_RCC_Clock  main.o
    0x08003240   0x08003240   0x0000005c   Code   RO         3112    i.HAL_Init          stm32h7xx_hal.o
    0x0800329c   0x0800329c   0x00000040   Code   RO         3113    i.HAL_InitTick      stm32h7xx_hal.o
    0x080032dc   0x080032dc   0x0000001c   Code   RO          809    i.HAL_MspInit       stm32h7xx_hal_msp.o
    0x080032f8   0x080032f8   0x00000022   Code   RO         2950    i.HAL_NVIC_DisableIRQ  stm32h7xx_hal_cortex.o
    0x0800331a   0x0800331a   0x0000001a   Code   RO         2951    i.HAL_NVIC_EnableIRQ  stm32h7xx_hal_cortex.o
    0x08003334   0x08003334   0x00000040   Code   RO         2957    i.HAL_NVIC_SetPriority  stm32h7xx_hal_cortex.o
    0x08003374   0x08003374   0x00000024   Code   RO         2958    i.HAL_NVIC_SetPriorityGrouping  stm32h7xx_hal_cortex.o
    0x08003398   0x08003398   0x00000028   Code   RO         6658    i.HAL_PCDEx_ActivateLPM  stm32h7xx_hal_pcd_ex.o
    0x080033c0   0x080033c0   0x00000002   Code   RO         6663    i.HAL_PCDEx_LPM_Callback  stm32h7xx_hal_pcd_ex.o
    0x080033c2   0x080033c2   0x00000008   Code   RO         6664    i.HAL_PCDEx_SetRxFiFo  stm32h7xx_hal_pcd_ex.o
    0x080033ca   0x080033ca   0x00000044   Code   RO         6665    i.HAL_PCDEx_SetTxFiFo  stm32h7xx_hal_pcd_ex.o
    0x0800340e   0x0800340e   0x00000008   Code   RO         7923    i.HAL_PCD_ConnectCallback  usbd_conf.o
    0x08003416   0x08003416   0x00000012   Code   RO         7924    i.HAL_PCD_DataInStageCallback  usbd_conf.o
    0x08003428   0x08003428   0x00000014   Code   RO         7925    i.HAL_PCD_DataOutStageCallback  usbd_conf.o
    0x0800343c   0x0800343c   0x00000026   Code   RO         6442    i.HAL_PCD_DeInit    stm32h7xx_hal_pcd.o
    0x08003462   0x08003462   0x00000008   Code   RO         7926    i.HAL_PCD_DisconnectCallback  usbd_conf.o
    0x0800346a   0x0800346a   0x0000004c   Code   RO         6446    i.HAL_PCD_EP_Close  stm32h7xx_hal_pcd.o
    0x080034b6   0x080034b6   0x0000005c   Code   RO         6447    i.HAL_PCD_EP_ClrStall  stm32h7xx_hal_pcd.o
    0x08003512   0x08003512   0x00000034   Code   RO         6448    i.HAL_PCD_EP_Flush  stm32h7xx_hal_pcd.o
    0x08003546   0x08003546   0x00000012   Code   RO         6449    i.HAL_PCD_EP_GetRxCount  stm32h7xx_hal_pcd.o
    0x08003558   0x08003558   0x00000060   Code   RO         6450    i.HAL_PCD_EP_Open   stm32h7xx_hal_pcd.o
    0x080035b8   0x080035b8   0x00000048   Code   RO         6451    i.HAL_PCD_EP_Receive  stm32h7xx_hal_pcd.o
    0x08003600   0x08003600   0x00000074   Code   RO         6452    i.HAL_PCD_EP_SetStall  stm32h7xx_hal_pcd.o
    0x08003674   0x08003674   0x00000040   Code   RO         6453    i.HAL_PCD_EP_Transmit  stm32h7xx_hal_pcd.o
    0x080036b4   0x080036b4   0x00000464   Code   RO         6455    i.HAL_PCD_IRQHandler  stm32h7xx_hal_pcd.o
    0x08003b18   0x08003b18   0x00000008   Code   RO         7927    i.HAL_PCD_ISOINIncompleteCallback  usbd_conf.o
    0x08003b20   0x08003b20   0x00000008   Code   RO         7928    i.HAL_PCD_ISOOUTIncompleteCallback  usbd_conf.o
    0x08003b28   0x08003b28   0x000000f2   Code   RO         6458    i.HAL_PCD_Init      stm32h7xx_hal_pcd.o
    0x08003c1a   0x08003c1a   0x00000002   PAD
    0x08003c1c   0x08003c1c   0x00000038   Code   RO         7929    i.HAL_PCD_MspDeInit  usbd_conf.o
    0x08003c54   0x08003c54   0x000000b0   Code   RO         7930    i.HAL_PCD_MspInit   usbd_conf.o
    0x08003d04   0x08003d04   0x0000002c   Code   RO         7931    i.HAL_PCD_ResetCallback  usbd_conf.o
    0x08003d30   0x08003d30   0x00000008   Code   RO         7932    i.HAL_PCD_ResumeCallback  usbd_conf.o
    0x08003d38   0x08003d38   0x00000008   Code   RO         7933    i.HAL_PCD_SOFCallback  usbd_conf.o
    0x08003d40   0x08003d40   0x00000028   Code   RO         6464    i.HAL_PCD_SetAddress  stm32h7xx_hal_pcd.o
    0x08003d68   0x08003d68   0x0000000e   Code   RO         7934    i.HAL_PCD_SetupStageCallback  usbd_conf.o
    0x08003d76   0x08003d76   0x00000042   Code   RO         6466    i.HAL_PCD_Start     stm32h7xx_hal_pcd.o
    0x08003db8   0x08003db8   0x0000004a   Code   RO         6467    i.HAL_PCD_Stop      stm32h7xx_hal_pcd.o
    0x08003e02   0x08003e02   0x00000002   PAD
    0x08003e04   0x08003e04   0x00000030   Code   RO         7935    i.HAL_PCD_SuspendCallback  usbd_conf.o
    0x08003e34   0x08003e34   0x00000010   Code   RO         2709    i.HAL_PWREx_EnableUSBVoltageDetector  stm32h7xx_hal_pwr_ex.o
    0x08003e44   0x08003e44   0x00000024   Code   RO         1712    i.HAL_RCCEx_GetD3PCLK1Freq  stm32h7xx_hal_rcc_ex.o
    0x08003e68   0x08003e68   0x00000158   Code   RO         1713    i.HAL_RCCEx_GetPLL1ClockFreq  stm32h7xx_hal_rcc_ex.o
    0x08003fc0   0x08003fc0   0x0000013c   Code   RO         1714    i.HAL_RCCEx_GetPLL2ClockFreq  stm32h7xx_hal_rcc_ex.o
    0x080040fc   0x080040fc   0x0000013c   Code   RO         1715    i.HAL_RCCEx_GetPLL3ClockFreq  stm32h7xx_hal_rcc_ex.o
    0x08004238   0x08004238   0x00000268   Code   RO         1717    i.HAL_RCCEx_GetPeriphCLKFreq  stm32h7xx_hal_rcc_ex.o
    0x080044a0   0x080044a0   0x000008d4   Code   RO         1721    i.HAL_RCCEx_PeriphCLKConfig  stm32h7xx_hal_rcc_ex.o
    0x08004d74   0x08004d74   0x00000270   Code   RO         1597    i.HAL_RCC_ClockConfig  stm32h7xx_hal_rcc.o
    0x08004fe4   0x08004fe4   0x00000044   Code   RO         1602    i.HAL_RCC_GetHCLKFreq  stm32h7xx_hal_rcc.o
    0x08005028   0x08005028   0x00000024   Code   RO         1604    i.HAL_RCC_GetPCLK1Freq  stm32h7xx_hal_rcc.o
    0x0800504c   0x0800504c   0x00000024   Code   RO         1605    i.HAL_RCC_GetPCLK2Freq  stm32h7xx_hal_rcc.o
    0x08005070   0x08005070   0x00000130   Code   RO         1606    i.HAL_RCC_GetSysClockFreq  stm32h7xx_hal_rcc.o
    0x080051a0   0x080051a0   0x000004f6   Code   RO         1609    i.HAL_RCC_OscConfig  stm32h7xx_hal_rcc.o
    0x08005696   0x08005696   0x00000002   Code   RO         4320    i.HAL_SDEx_Read_DMADoubleBuf0CpltCallback  stm32h7xx_hal_sd.o
    0x08005698   0x08005698   0x00000002   Code   RO         4321    i.HAL_SDEx_Read_DMADoubleBuf1CpltCallback  stm32h7xx_hal_sd.o
    0x0800569a   0x0800569a   0x00000002   Code   RO         4322    i.HAL_SDEx_Write_DMADoubleBuf0CpltCallback  stm32h7xx_hal_sd.o
    0x0800569c   0x0800569c   0x00000002   Code   RO         4323    i.HAL_SDEx_Write_DMADoubleBuf1CpltCallback  stm32h7xx_hal_sd.o
    0x0800569e   0x0800569e   0x00000002   PAD
    0x080056a0   0x080056a0   0x00000188   Code   RO         4328    i.HAL_SD_ConfigWideBusOperation  stm32h7xx_hal_sd.o
    0x08005828   0x08005828   0x00000002   Code   RO         4330    i.HAL_SD_DriveTransceiver_1_8V_Callback  stm32h7xx_hal_sd.o
    0x0800582a   0x0800582a   0x00000002   Code   RO         4332    i.HAL_SD_ErrorCallback  stm32h7xx_hal_sd.o
    0x0800582c   0x0800582c   0x00000054   Code   RO         4333    i.HAL_SD_GetCardCID  stm32h7xx_hal_sd.o
    0x08005880   0x08005880   0x000001bc   Code   RO         4334    i.HAL_SD_GetCardCSD  stm32h7xx_hal_sd.o
    0x08005a3c   0x08005a3c   0x00000024   Code   RO         4335    i.HAL_SD_GetCardInfo  stm32h7xx_hal_sd.o
    0x08005a60   0x08005a60   0x00000032   Code   RO         4336    i.HAL_SD_GetCardState  stm32h7xx_hal_sd.o
    0x08005a92   0x08005a92   0x00000002   PAD
    0x08005a94   0x08005a94   0x000000c0   Code   RO         4337    i.HAL_SD_GetCardStatus  stm32h7xx_hal_sd.o
    0x08005b54   0x08005b54   0x0000023c   Code   RO         4340    i.HAL_SD_IRQHandler  stm32h7xx_hal_sd.o
    0x08005d90   0x08005d90   0x000000a2   Code   RO         4341    i.HAL_SD_Init       stm32h7xx_hal_sd.o
    0x08005e32   0x08005e32   0x00000002   PAD
    0x08005e34   0x08005e34   0x000000b8   Code   RO         4342    i.HAL_SD_InitCard   stm32h7xx_hal_sd.o
    0x08005eec   0x08005eec   0x00000114   Code   RO          600    i.HAL_SD_MspInit    sdmmc.o
    0x08006000   0x08006000   0x000001a0   Code   RO         4345    i.HAL_SD_ReadBlocks  stm32h7xx_hal_sd.o
    0x080061a0   0x080061a0   0x000000d4   Code   RO         4346    i.HAL_SD_ReadBlocks_DMA  stm32h7xx_hal_sd.o
    0x08006274   0x08006274   0x00000008   Code   RO         7112    i.HAL_SD_RxCpltCallback  bsp_driver_sd.o
    0x0800627c   0x0800627c   0x00000008   Code   RO         7113    i.HAL_SD_TxCpltCallback  bsp_driver_sd.o
    0x08006284   0x08006284   0x000001b8   Code   RO         4350    i.HAL_SD_WriteBlocks  stm32h7xx_hal_sd.o
    0x0800643c   0x0800643c   0x000000d4   Code   RO         4351    i.HAL_SD_WriteBlocks_DMA  stm32h7xx_hal_sd.o
    0x08006510   0x08006510   0x0000006c   Code   RO         6306    i.HAL_SRAM_Init     stm32h7xx_hal_sram.o
    0x0800657c   0x0800657c   0x00000004   Code   RO          960    i.HAL_SRAM_MspInit  fmc.o
    0x08006580   0x08006580   0x00000028   Code   RO         2962    i.HAL_SYSTICK_Config  stm32h7xx_hal_cortex.o
    0x080065a8   0x080065a8   0x00000002   Code   RO         5329    i.HAL_TIMEx_Break2Callback  stm32h7xx_hal_tim_ex.o
    0x080065aa   0x080065aa   0x00000002   Code   RO         5330    i.HAL_TIMEx_BreakCallback  stm32h7xx_hal_tim_ex.o
    0x080065ac   0x080065ac   0x00000002   Code   RO         5331    i.HAL_TIMEx_CommutCallback  stm32h7xx_hal_tim_ex.o
    0x080065ae   0x080065ae   0x00000002   PAD
    0x080065b0   0x080065b0   0x000000a0   Code   RO         5351    i.HAL_TIMEx_MasterConfigSynchronization  stm32h7xx_hal_tim_ex.o
    0x08006650   0x08006650   0x00000062   Code   RO         4615    i.HAL_TIM_Base_Init  stm32h7xx_hal_tim.o
    0x080066b2   0x080066b2   0x00000002   PAD
    0x080066b4   0x080066b4   0x000000bc   Code   RO         1075    i.HAL_TIM_Base_MspInit  tim.o
    0x08006770   0x08006770   0x00000002   Code   RO         4649    i.HAL_TIM_IC_CaptureCallback  stm32h7xx_hal_tim.o
    0x08006772   0x08006772   0x00000184   Code   RO         4663    i.HAL_TIM_IRQHandler  stm32h7xx_hal_tim.o
    0x080068f6   0x080068f6   0x00000002   PAD
    0x080068f8   0x080068f8   0x0000005c   Code   RO         1076    i.HAL_TIM_MspPostInit  tim.o
    0x08006954   0x08006954   0x00000002   Code   RO         4666    i.HAL_TIM_OC_DelayElapsedCallback  stm32h7xx_hal_tim.o
    0x08006956   0x08006956   0x0000011e   Code   RO         4687    i.HAL_TIM_PWM_ConfigChannel  stm32h7xx_hal_tim.o
    0x08006a74   0x08006a74   0x00000062   Code   RO         4690    i.HAL_TIM_PWM_Init  stm32h7xx_hal_tim.o
    0x08006ad6   0x08006ad6   0x00000002   Code   RO         4692    i.HAL_TIM_PWM_MspInit  stm32h7xx_hal_tim.o
    0x08006ad8   0x08006ad8   0x00000002   Code   RO         4693    i.HAL_TIM_PWM_PulseFinishedCallback  stm32h7xx_hal_tim.o
    0x08006ada   0x08006ada   0x00000002   PAD
    0x08006adc   0x08006adc   0x00000118   Code   RO         4695    i.HAL_TIM_PWM_Start  stm32h7xx_hal_tim.o
    0x08006bf4   0x08006bf4   0x000000ac   Code   RO         4698    i.HAL_TIM_PWM_Stop  stm32h7xx_hal_tim.o
    0x08006ca0   0x08006ca0   0x00000002   Code   RO         4701    i.HAL_TIM_PeriodElapsedCallback  stm32h7xx_hal_tim.o
    0x08006ca2   0x08006ca2   0x00000052   Code   RO         4704    i.HAL_TIM_SlaveConfigSynchro  stm32h7xx_hal_tim.o
    0x08006cf4   0x08006cf4   0x00000002   Code   RO         4706    i.HAL_TIM_TriggerCallback  stm32h7xx_hal_tim.o
    0x08006cf6   0x08006cf6   0x0000003e   Code   RO         6040    i.HAL_UARTEx_DisableFifoMode  stm32h7xx_hal_uart_ex.o
    0x08006d34   0x08006d34   0x00000002   Code   RO         5629    i.HAL_UARTEx_RxEventCallback  stm32h7xx_hal_uart.o
    0x08006d36   0x08006d36   0x00000002   Code   RO         6047    i.HAL_UARTEx_RxFifoFullCallback  stm32h7xx_hal_uart_ex.o
    0x08006d38   0x08006d38   0x0000004c   Code   RO         6048    i.HAL_UARTEx_SetRxFifoThreshold  stm32h7xx_hal_uart_ex.o
    0x08006d84   0x08006d84   0x0000004c   Code   RO         6049    i.HAL_UARTEx_SetTxFifoThreshold  stm32h7xx_hal_uart_ex.o
    0x08006dd0   0x08006dd0   0x00000002   Code   RO         6051    i.HAL_UARTEx_TxFifoEmptyCallback  stm32h7xx_hal_uart_ex.o
    0x08006dd2   0x08006dd2   0x00000002   Code   RO         6052    i.HAL_UARTEx_WakeupCallback  stm32h7xx_hal_uart_ex.o
    0x08006dd4   0x08006dd4   0x00000034   Code   RO          647    i.HAL_UART_ErrorCallback  usart.o
    0x08006e08   0x08006e08   0x00000300   Code   RO         5648    i.HAL_UART_IRQHandler  stm32h7xx_hal_uart.o
    0x08007108   0x08007108   0x0000006a   Code   RO         5649    i.HAL_UART_Init     stm32h7xx_hal_uart.o
    0x08007172   0x08007172   0x00000002   PAD
    0x08007174   0x08007174   0x00000068   Code   RO          649    i.HAL_UART_MspInit  usart.o
    0x080071dc   0x080071dc   0x0000004c   Code   RO         5654    i.HAL_UART_Receive_IT  stm32h7xx_hal_uart.o
    0x08007228   0x08007228   0x00000044   Code   RO          650    i.HAL_UART_RxCpltCallback  usart.o
    0x0800726c   0x0800726c   0x000000bc   Code   RO         5658    i.HAL_UART_Transmit  stm32h7xx_hal_uart.o
    0x08007328   0x08007328   0x00000002   Code   RO         5661    i.HAL_UART_TxCpltCallback  stm32h7xx_hal_uart.o
    0x0800732a   0x0800732a   0x00000036   Code   RO         8265    i.IntToUnicode      usbd_desc.o
    0x08007360   0x08007360   0x00000048   Code   RO         8694    i.MSC_BOT_Abort     usbd_msc_bot.o
    0x080073a8   0x080073a8   0x000000d4   Code   RO         8695    i.MSC_BOT_CBW_Decode  usbd_msc_bot.o
    0x0800747c   0x0800747c   0x0000003a   Code   RO         8696    i.MSC_BOT_CplClrFeature  usbd_msc_bot.o
    0x080074b6   0x080074b6   0x0000003c   Code   RO         8697    i.MSC_BOT_DataIn    usbd_msc_bot.o
    0x080074f2   0x080074f2   0x0000003a   Code   RO         8698    i.MSC_BOT_DataOut   usbd_msc_bot.o
    0x0800752c   0x0800752c   0x0000000e   Code   RO         8699    i.MSC_BOT_DeInit    usbd_msc_bot.o
    0x0800753a   0x0800753a   0x0000004c   Code   RO         8700    i.MSC_BOT_Init      usbd_msc_bot.o
    0x08007586   0x08007586   0x00000038   Code   RO         8701    i.MSC_BOT_Reset     usbd_msc_bot.o
    0x080075be   0x080075be   0x00000002   PAD
    0x080075c0   0x080075c0   0x00000040   Code   RO         8702    i.MSC_BOT_SendCSW   usbd_msc_bot.o
    0x08007600   0x08007600   0x0000002c   Code   RO          934    i.MX_DMA_Init       dma.o
    0x0800762c   0x0800762c   0x0000001c   Code   RO         7290    i.MX_FATFS_Init     fatfs.o
    0x08007648   0x08007648   0x00000070   Code   RO          961    i.MX_FMC_Init       fmc.o
    0x080076b8   0x080076b8   0x00000294   Code   RO          433    i.MX_GPIO_Init      gpio.o
    0x0800794c   0x0800794c   0x0000007c   Code   RO          601    i.MX_SDMMC2_SD_Init  sdmmc.o
    0x080079c8   0x080079c8   0x000000cc   Code   RO         1077    i.MX_TIM2_Init      tim.o
    0x08007a94   0x08007a94   0x00000080   Code   RO          651    i.MX_UART8_Init     usart.o
    0x08007b14   0x08007b14   0x00000034   Code   RO         8149    i.MX_USB_DEVICE_DeInit  usb_device.o
    0x08007b48   0x08007b48   0x000000bc   Code   RO         8150    i.MX_USB_DEVICE_Init  usb_device.o
    0x08007c04   0x08007c04   0x00000002   Code   RO          725    i.NMI_Handler       stm32h7xx_it.o
    0x08007c06   0x08007c06   0x00000002   PAD
    0x08007c08   0x08007c08   0x0000000c   Code   RO          726    i.OTG_FS_IRQHandler  stm32h7xx_it.o
    0x08007c14   0x08007c14   0x000000cc   Code   RO         6469    i.PCD_EP_OutXfrComplete_int  stm32h7xx_hal_pcd.o
    0x08007ce0   0x08007ce0   0x00000098   Code   RO         6470    i.PCD_WriteEmptyTxFifo  stm32h7xx_hal_pcd.o
    0x08007d78   0x08007d78   0x00000114   Code   RO         1724    i.RCCEx_PLL2_Config  stm32h7xx_hal_rcc_ex.o
    0x08007e8c   0x08007e8c   0x00000114   Code   RO         1725    i.RCCEx_PLL3_Config  stm32h7xx_hal_rcc_ex.o
    0x08007fa0   0x08007fa0   0x00000026   Code   RO         8791    i.SCSI_CheckAddressRange  usbd_msc_scsi.o
    0x08007fc6   0x08007fc6   0x00000002   PAD
    0x08007fc8   0x08007fc8   0x00000074   Code   RO         8792    i.SCSI_Inquiry      usbd_msc_scsi.o
    0x0800803c   0x0800803c   0x00000154   Code   RO         8793    i.SCSI_ProcessCmd   usbd_msc_scsi.o
    0x08008190   0x08008190   0x0000009a   Code   RO         8794    i.SCSI_ProcessRead  usbd_msc_scsi.o
    0x0800822a   0x0800822a   0x000000a6   Code   RO         8795    i.SCSI_ProcessWrite  usbd_msc_scsi.o
    0x080082d0   0x080082d0   0x000000aa   Code   RO         8796    i.SCSI_Read10       usbd_msc_scsi.o
    0x0800837a   0x0800837a   0x000000b2   Code   RO         8797    i.SCSI_Read12       usbd_msc_scsi.o
    0x0800842c   0x0800842c   0x0000006e   Code   RO         8798    i.SCSI_ReadCapacity10  usbd_msc_scsi.o
    0x0800849a   0x0800849a   0x0000009e   Code   RO         8799    i.SCSI_ReadCapacity16  usbd_msc_scsi.o
    0x08008538   0x08008538   0x0000007e   Code   RO         8800    i.SCSI_ReadFormatCapacity  usbd_msc_scsi.o
    0x080085b6   0x080085b6   0x00000080   Code   RO         8801    i.SCSI_RequestSense  usbd_msc_scsi.o
    0x08008636   0x08008636   0x00000044   Code   RO         8802    i.SCSI_SenseCode    usbd_msc_scsi.o
    0x0800867a   0x0800867a   0x0000005e   Code   RO         8803    i.SCSI_TestUnitReady  usbd_msc_scsi.o
    0x080086d8   0x080086d8   0x00000020   Code   RO         8804    i.SCSI_UpdateBotData  usbd_msc_scsi.o
    0x080086f8   0x080086f8   0x000000c6   Code   RO         8805    i.SCSI_Write10      usbd_msc_scsi.o
    0x080087be   0x080087be   0x000000d4   Code   RO         8806    i.SCSI_Write12      usbd_msc_scsi.o
    0x08008892   0x08008892   0x00000002   PAD
    0x08008894   0x08008894   0x0000000c   Code   RO          727    i.SDMMC2_IRQHandler  stm32h7xx_it.o
    0x080088a0   0x080088a0   0x00000032   Code   RO         3986    i.SDMMC_CmdAppCommand  stm32h7xx_ll_sdmmc.o
    0x080088d2   0x080088d2   0x0000002c   Code   RO         3987    i.SDMMC_CmdAppOperCommand  stm32h7xx_ll_sdmmc.o
    0x080088fe   0x080088fe   0x00000030   Code   RO         3988    i.SDMMC_CmdBlockLength  stm32h7xx_ll_sdmmc.o
    0x0800892e   0x0800892e   0x00000032   Code   RO         3989    i.SDMMC_CmdBusWidth  stm32h7xx_ll_sdmmc.o
    0x08008960   0x08008960   0x00000054   Code   RO         3993    i.SDMMC_CmdGoIdleState  stm32h7xx_ll_sdmmc.o
    0x080089b4   0x080089b4   0x0000002e   Code   RO         3995    i.SDMMC_CmdOperCond  stm32h7xx_ll_sdmmc.o
    0x080089e2   0x080089e2   0x00000032   Code   RO         3996    i.SDMMC_CmdReadMultiBlock  stm32h7xx_ll_sdmmc.o
    0x08008a14   0x08008a14   0x00000032   Code   RO         3997    i.SDMMC_CmdReadSingleBlock  stm32h7xx_ll_sdmmc.o
    0x08008a46   0x08008a46   0x00000032   Code   RO         4000    i.SDMMC_CmdSelDesel  stm32h7xx_ll_sdmmc.o
    0x08008a78   0x08008a78   0x0000002c   Code   RO         4001    i.SDMMC_CmdSendCID  stm32h7xx_ll_sdmmc.o
    0x08008aa4   0x08008aa4   0x0000002e   Code   RO         4002    i.SDMMC_CmdSendCSD  stm32h7xx_ll_sdmmc.o
    0x08008ad2   0x08008ad2   0x00000032   Code   RO         4004    i.SDMMC_CmdSendSCR  stm32h7xx_ll_sdmmc.o
    0x08008b04   0x08008b04   0x00000032   Code   RO         4005    i.SDMMC_CmdSendStatus  stm32h7xx_ll_sdmmc.o
    0x08008b36   0x08008b36   0x00000032   Code   RO         4006    i.SDMMC_CmdSetRelAdd  stm32h7xx_ll_sdmmc.o
    0x08008b68   0x08008b68   0x00000032   Code   RO         4008    i.SDMMC_CmdStatusRegister  stm32h7xx_ll_sdmmc.o
    0x08008b9a   0x08008b9a   0x00000002   PAD
    0x08008b9c   0x08008b9c   0x00000054   Code   RO         4009    i.SDMMC_CmdStopTransfer  stm32h7xx_ll_sdmmc.o
    0x08008bf0   0x08008bf0   0x00000032   Code   RO         4011    i.SDMMC_CmdVoltageSwitch  stm32h7xx_ll_sdmmc.o
    0x08008c22   0x08008c22   0x00000032   Code   RO         4012    i.SDMMC_CmdWriteMultiBlock  stm32h7xx_ll_sdmmc.o
    0x08008c54   0x08008c54   0x00000032   Code   RO         4013    i.SDMMC_CmdWriteSingleBlock  stm32h7xx_ll_sdmmc.o
    0x08008c86   0x08008c86   0x00000024   Code   RO         4014    i.SDMMC_ConfigData  stm32h7xx_ll_sdmmc.o
    0x08008caa   0x08008caa   0x00000002   PAD
    0x08008cac   0x08008cac   0x00000124   Code   RO         4015    i.SDMMC_GetCmdResp1  stm32h7xx_ll_sdmmc.o
    0x08008dd0   0x08008dd0   0x00000054   Code   RO         4016    i.SDMMC_GetCmdResp2  stm32h7xx_ll_sdmmc.o
    0x08008e24   0x08008e24   0x00000048   Code   RO         4017    i.SDMMC_GetCmdResp3  stm32h7xx_ll_sdmmc.o
    0x08008e6c   0x08008e6c   0x0000008c   Code   RO         4018    i.SDMMC_GetCmdResp6  stm32h7xx_ll_sdmmc.o
    0x08008ef8   0x08008ef8   0x00000058   Code   RO         4019    i.SDMMC_GetCmdResp7  stm32h7xx_ll_sdmmc.o
    0x08008f50   0x08008f50   0x00000008   Code   RO         4023    i.SDMMC_GetPowerState  stm32h7xx_ll_sdmmc.o
    0x08008f58   0x08008f58   0x00000006   Code   RO         4024    i.SDMMC_GetResponse  stm32h7xx_ll_sdmmc.o
    0x08008f5e   0x08008f5e   0x00000002   PAD
    0x08008f60   0x08008f60   0x00000020   Code   RO         4025    i.SDMMC_Init        stm32h7xx_ll_sdmmc.o
    0x08008f80   0x08008f80   0x0000000c   Code   RO         4028    i.SDMMC_PowerState_ON  stm32h7xx_ll_sdmmc.o
    0x08008f8c   0x08008f8c   0x00000006   Code   RO         4029    i.SDMMC_ReadFIFO    stm32h7xx_ll_sdmmc.o
    0x08008f92   0x08008f92   0x00000002   PAD
    0x08008f94   0x08008f94   0x00000024   Code   RO         4030    i.SDMMC_SendCommand  stm32h7xx_ll_sdmmc.o
    0x08008fb8   0x08008fb8   0x0000000a   Code   RO         4032    i.SDMMC_WriteFIFO   stm32h7xx_ll_sdmmc.o
    0x08008fc2   0x08008fc2   0x00000002   PAD
    0x08008fc4   0x08008fc4   0x00000020   Code   RO         7215    i.SD_CheckStatus    sd_diskio.o
    0x08008fe4   0x08008fe4   0x00000024   Code   RO         7216    i.SD_CheckStatusWithTimeout  sd_diskio.o
    0x08009008   0x08009008   0x000000dc   Code   RO         4354    i.SD_FindSCR        stm32h7xx_hal_sd.o
    0x080090e4   0x080090e4   0x000000d2   Code   RO         4356    i.SD_InitCard       stm32h7xx_hal_sd.o
    0x080091b6   0x080091b6   0x00000002   PAD
    0x080091b8   0x080091b8   0x00000148   Code   RO         4357    i.SD_PowerON        stm32h7xx_hal_sd.o
    0x08009300   0x08009300   0x000000e8   Code   RO         4358    i.SD_SendSDStatus   stm32h7xx_hal_sd.o
    0x080093e8   0x080093e8   0x0000001c   Code   RO         7217    i.SD_initialize     sd_diskio.o
    0x08009404   0x08009404   0x00000050   Code   RO         7218    i.SD_ioctl          sd_diskio.o
    0x08009454   0x08009454   0x00000078   Code   RO         7219    i.SD_read           sd_diskio.o
    0x080094cc   0x080094cc   0x00000004   Code   RO         7220    i.SD_status         sd_diskio.o
    0x080094d0   0x080094d0   0x00000078   Code   RO         7221    i.SD_write          sd_diskio.o
    0x08009548   0x08009548   0x00000014   Code   RO         8191    i.STORAGE_GetCapacity_FS  usbd_storage_if.o
    0x0800955c   0x0800955c   0x00000004   Code   RO         8192    i.STORAGE_GetMaxLun_FS  usbd_storage_if.o
    0x08009560   0x08009560   0x00000004   Code   RO         8193    i.STORAGE_Init_FS   usbd_storage_if.o
    0x08009564   0x08009564   0x0000000e   Code   RO         8194    i.STORAGE_IsReady_FS  usbd_storage_if.o
    0x08009572   0x08009572   0x00000004   Code   RO         8195    i.STORAGE_IsWriteProtected_FS  usbd_storage_if.o
    0x08009576   0x08009576   0x00000002   PAD
    0x08009578   0x08009578   0x0000001c   Code   RO         8196    i.STORAGE_Read_FS   usbd_storage_if.o
    0x08009594   0x08009594   0x0000001c   Code   RO         8197    i.STORAGE_Write_FS  usbd_storage_if.o
    0x080095b0   0x080095b0   0x00000002   Code   RO          728    i.SVC_Handler       stm32h7xx_it.o
    0x080095b2   0x080095b2   0x0000000a   Code   RO         8476    i.SWAPBYTE          usbd_ctlreq.o
    0x080095bc   0x080095bc   0x00000012   Code   RO         8895    i.SysTick_Handler   board.o
    0x080095ce   0x080095ce   0x00000002   PAD
    0x080095d0   0x080095d0   0x000000cc   Code   RO            8    i.SystemClock_Config  main.o
    0x0800969c   0x0800969c   0x000000e4   Code   RO         7028    i.SystemInit        system_stm32h7xx.o
    0x08009780   0x08009780   0x0000000c   Code   RO          729    i.TIM2_IRQHandler   stm32h7xx_it.o
    0x0800978c   0x0800978c   0x000000c0   Code   RO         4708    i.TIM_Base_SetConfig  stm32h7xx_hal_tim.o
    0x0800984c   0x0800984c   0x0000001a   Code   RO         4709    i.TIM_CCxChannelCmd  stm32h7xx_hal_tim.o
    0x08009866   0x08009866   0x00000014   Code   RO         4719    i.TIM_ETR_SetConfig  stm32h7xx_hal_tim.o
    0x0800987a   0x0800987a   0x00000002   PAD
    0x0800987c   0x0800987c   0x0000009c   Code   RO         4721    i.TIM_OC1_SetConfig  stm32h7xx_hal_tim.o
    0x08009918   0x08009918   0x00000090   Code   RO         4722    i.TIM_OC2_SetConfig  stm32h7xx_hal_tim.o
    0x080099a8   0x080099a8   0x00000088   Code   RO         4723    i.TIM_OC3_SetConfig  stm32h7xx_hal_tim.o
    0x08009a30   0x08009a30   0x0000006c   Code   RO         4724    i.TIM_OC4_SetConfig  stm32h7xx_hal_tim.o
    0x08009a9c   0x08009a9c   0x0000006c   Code   RO         4725    i.TIM_OC5_SetConfig  stm32h7xx_hal_tim.o
    0x08009b08   0x08009b08   0x0000006c   Code   RO         4726    i.TIM_OC6_SetConfig  stm32h7xx_hal_tim.o
    0x08009b74   0x08009b74   0x00000090   Code   RO         4727    i.TIM_SlaveTimer_SetConfig  stm32h7xx_hal_tim.o
    0x08009c04   0x08009c04   0x00000022   Code   RO         4728    i.TIM_TI1_ConfigInputStage  stm32h7xx_hal_tim.o
    0x08009c26   0x08009c26   0x00000024   Code   RO         4730    i.TIM_TI2_ConfigInputStage  stm32h7xx_hal_tim.o
    0x08009c4a   0x08009c4a   0x00000002   PAD
    0x08009c4c   0x08009c4c   0x00000028   Code   RO         1078    i.Tim2_pwm_disable  tim.o
    0x08009c74   0x08009c74   0x00000028   Code   RO         1079    i.Tim2_pwm_enable   tim.o
    0x08009c9c   0x08009c9c   0x00000018   Code   RO          730    i.UART8_IRQHandler  stm32h7xx_it.o
    0x08009cb4   0x08009cb4   0x00000044   Code   RO         6053    i.UARTEx_SetNbDataToProcess  stm32h7xx_hal_uart_ex.o
    0x08009cf8   0x08009cf8   0x000000c8   Code   RO         5663    i.UART_AdvFeatureConfig  stm32h7xx_hal_uart.o
    0x08009dc0   0x08009dc0   0x00000060   Code   RO         5664    i.UART_CheckIdleState  stm32h7xx_hal_uart.o
    0x08009e20   0x08009e20   0x00000014   Code   RO         5665    i.UART_DMAAbortOnError  stm32h7xx_hal_uart.o
    0x08009e34   0x08009e34   0x00000038   Code   RO         5675    i.UART_EndRxTransfer  stm32h7xx_hal_uart.o
    0x08009e6c   0x08009e6c   0x00000080   Code   RO         5677    i.UART_RxISR_16BIT  stm32h7xx_hal_uart.o
    0x08009eec   0x08009eec   0x00000134   Code   RO         5678    i.UART_RxISR_16BIT_FIFOEN  stm32h7xx_hal_uart.o
    0x0800a020   0x0800a020   0x00000080   Code   RO         5679    i.UART_RxISR_8BIT   stm32h7xx_hal_uart.o
    0x0800a0a0   0x0800a0a0   0x00000134   Code   RO         5680    i.UART_RxISR_8BIT_FIFOEN  stm32h7xx_hal_uart.o
    0x0800a1d4   0x0800a1d4   0x00000398   Code   RO         5681    i.UART_SetConfig    stm32h7xx_hal_uart.o
    0x0800a56c   0x0800a56c   0x000000d8   Code   RO         5683    i.UART_Start_Receive_IT  stm32h7xx_hal_uart.o
    0x0800a644   0x0800a644   0x000000a0   Code   RO         5688    i.UART_WaitOnFlagUntilTimeout  stm32h7xx_hal_uart.o
    0x0800a6e4   0x0800a6e4   0x00000010   Code   RO         8338    i.USBD_ClrClassConfig  usbd_core.o
    0x0800a6f4   0x0800a6f4   0x00000010   Code   RO         8549    i.USBD_CtlContinueRx  usbd_ioreq.o
    0x0800a704   0x0800a704   0x00000010   Code   RO         8550    i.USBD_CtlContinueSendData  usbd_ioreq.o
    0x0800a714   0x0800a714   0x00000016   Code   RO         8477    i.USBD_CtlError     usbd_ctlreq.o
    0x0800a72a   0x0800a72a   0x00000016   Code   RO         8552    i.USBD_CtlReceiveStatus  usbd_ioreq.o
    0x0800a740   0x0800a740   0x0000001a   Code   RO         8553    i.USBD_CtlSendData  usbd_ioreq.o
    0x0800a75a   0x0800a75a   0x00000016   Code   RO         8554    i.USBD_CtlSendStatus  usbd_ioreq.o
    0x0800a770   0x0800a770   0x00000038   Code   RO         8339    i.USBD_DeInit       usbd_core.o
    0x0800a7a8   0x0800a7a8   0x00000020   Code   RO         8266    i.USBD_FS_ConfigStrDescriptor  usbd_desc.o
    0x0800a7c8   0x0800a7c8   0x0000000c   Code   RO         8267    i.USBD_FS_DeviceDescriptor  usbd_desc.o
    0x0800a7d4   0x0800a7d4   0x00000024   Code   RO         8268    i.USBD_FS_InterfaceStrDescriptor  usbd_desc.o
    0x0800a7f8   0x0800a7f8   0x0000000c   Code   RO         8269    i.USBD_FS_LangIDStrDescriptor  usbd_desc.o
    0x0800a804   0x0800a804   0x00000028   Code   RO         8270    i.USBD_FS_ManufacturerStrDescriptor  usbd_desc.o
    0x0800a82c   0x0800a82c   0x00000028   Code   RO         8271    i.USBD_FS_ProductStrDescriptor  usbd_desc.o
    0x0800a854   0x0800a854   0x00000038   Code   RO         8272    i.USBD_FS_SerialStrDescriptor  usbd_desc.o
    0x0800a88c   0x0800a88c   0x000000e6   Code   RO         8478    i.USBD_GetDescriptor  usbd_ctlreq.o
    0x0800a972   0x0800a972   0x00000048   Code   RO         8479    i.USBD_GetString    usbd_ctlreq.o
    0x0800a9ba   0x0800a9ba   0x00000018   Code   RO         7936    i.USBD_Get_USB_Status  usbd_conf.o
    0x0800a9d2   0x0800a9d2   0x00000026   Code   RO         8340    i.USBD_Init         usbd_core.o
    0x0800a9f8   0x0800a9f8   0x00000012   Code   RO         7937    i.USBD_LL_ClearStallEP  usbd_conf.o
    0x0800aa0a   0x0800aa0a   0x00000012   Code   RO         7938    i.USBD_LL_CloseEP   usbd_conf.o
    0x0800aa1c   0x0800aa1c   0x000000a8   Code   RO         8341    i.USBD_LL_DataInStage  usbd_core.o
    0x0800aac4   0x0800aac4   0x0000006c   Code   RO         8342    i.USBD_LL_DataOutStage  usbd_core.o
    0x0800ab30   0x0800ab30   0x00000012   Code   RO         7939    i.USBD_LL_DeInit    usbd_conf.o
    0x0800ab42   0x0800ab42   0x00000004   Code   RO         8343    i.USBD_LL_DevConnected  usbd_core.o
    0x0800ab46   0x0800ab46   0x00000018   Code   RO         8344    i.USBD_LL_DevDisconnected  usbd_core.o
    0x0800ab5e   0x0800ab5e   0x00000012   Code   RO         7941    i.USBD_LL_FlushEP   usbd_conf.o
    0x0800ab70   0x0800ab70   0x00000008   Code   RO         7942    i.USBD_LL_GetRxDataSize  usbd_conf.o
    0x0800ab78   0x0800ab78   0x00000064   Code   RO         7943    i.USBD_LL_Init      usbd_conf.o
    0x0800abdc   0x0800abdc   0x00000020   Code   RO         7944    i.USBD_LL_IsStallEP  usbd_conf.o
    0x0800abfc   0x0800abfc   0x00000020   Code   RO         8345    i.USBD_LL_IsoINIncomplete  usbd_core.o
    0x0800ac1c   0x0800ac1c   0x00000020   Code   RO         8346    i.USBD_LL_IsoOUTIncomplete  usbd_core.o
    0x0800ac3c   0x0800ac3c   0x00000018   Code   RO         7945    i.USBD_LL_OpenEP    usbd_conf.o
    0x0800ac54   0x0800ac54   0x00000012   Code   RO         7946    i.USBD_LL_PrepareReceive  usbd_conf.o
    0x0800ac66   0x0800ac66   0x0000005a   Code   RO         8347    i.USBD_LL_Reset     usbd_core.o
    0x0800acc0   0x0800acc0   0x00000014   Code   RO         8348    i.USBD_LL_Resume    usbd_core.o
    0x0800acd4   0x0800acd4   0x00000020   Code   RO         8349    i.USBD_LL_SOF       usbd_core.o
    0x0800acf4   0x0800acf4   0x00000006   Code   RO         8350    i.USBD_LL_SetSpeed  usbd_core.o
    0x0800acfa   0x0800acfa   0x00000012   Code   RO         7947    i.USBD_LL_SetUSBAddress  usbd_conf.o
    0x0800ad0c   0x0800ad0c   0x00000060   Code   RO         8351    i.USBD_LL_SetupStage  usbd_core.o
    0x0800ad6c   0x0800ad6c   0x00000012   Code   RO         7948    i.USBD_LL_StallEP   usbd_conf.o
    0x0800ad7e   0x0800ad7e   0x00000012   Code   RO         7949    i.USBD_LL_Start     usbd_conf.o
    0x0800ad90   0x0800ad90   0x00000012   Code   RO         7950    i.USBD_LL_Stop      usbd_conf.o
    0x0800ada2   0x0800ada2   0x00000012   Code   RO         8352    i.USBD_LL_Suspend   usbd_core.o
    0x0800adb4   0x0800adb4   0x00000012   Code   RO         7951    i.USBD_LL_Transmit  usbd_conf.o
    0x0800adc6   0x0800adc6   0x0000000a   Code   RO         8609    i.USBD_MSC_DataIn   usbd_msc.o
    0x0800add0   0x0800add0   0x0000000a   Code   RO         8610    i.USBD_MSC_DataOut  usbd_msc.o
    0x0800adda   0x0800adda   0x00000036   Code   RO         8611    i.USBD_MSC_DeInit   usbd_msc.o
    0x0800ae10   0x0800ae10   0x0000000c   Code   RO         8612    i.USBD_MSC_GetDeviceQualifierDescriptor  usbd_msc.o
    0x0800ae1c   0x0800ae1c   0x0000000c   Code   RO         8613    i.USBD_MSC_GetFSCfgDesc  usbd_msc.o
    0x0800ae28   0x0800ae28   0x0000000c   Code   RO         8614    i.USBD_MSC_GetHSCfgDesc  usbd_msc.o
    0x0800ae34   0x0800ae34   0x0000000c   Code   RO         8615    i.USBD_MSC_GetOtherSpeedCfgDesc  usbd_msc.o
    0x0800ae40   0x0800ae40   0x00000062   Code   RO         8616    i.USBD_MSC_Init     usbd_msc.o
    0x0800aea2   0x0800aea2   0x0000000e   Code   RO         8617    i.USBD_MSC_RegisterStorage  usbd_msc.o
    0x0800aeb0   0x0800aeb0   0x000000d4   Code   RO         8618    i.USBD_MSC_Setup    usbd_msc.o
    0x0800af84   0x0800af84   0x0000002e   Code   RO         8480    i.USBD_ParseSetupRequest  usbd_ctlreq.o
    0x0800afb2   0x0800afb2   0x00000024   Code   RO         8353    i.USBD_RegisterClass  usbd_core.o
    0x0800afd6   0x0800afd6   0x00000014   Code   RO         8355    i.USBD_SetClassConfig  usbd_core.o
    0x0800afea   0x0800afea   0x00000002   PAD
    0x0800afec   0x0800afec   0x000000bc   Code   RO         8481    i.USBD_SetConfig    usbd_ctlreq.o
    0x0800b0a8   0x0800b0a8   0x00000004   Code   RO         8356    i.USBD_Start        usbd_core.o
    0x0800b0ac   0x0800b0ac   0x00000114   Code   RO         8482    i.USBD_StdDevReq    usbd_ctlreq.o
    0x0800b1c0   0x0800b1c0   0x00000140   Code   RO         8483    i.USBD_StdEPReq     usbd_ctlreq.o
    0x0800b300   0x0800b300   0x00000052   Code   RO         8484    i.USBD_StdItfReq    usbd_ctlreq.o
    0x0800b352   0x0800b352   0x0000001a   Code   RO         8357    i.USBD_Stop         usbd_core.o
    0x0800b36c   0x0800b36c   0x00000002   Code   RO         7952    i.USBD_static_free  usbd_conf.o
    0x0800b36e   0x0800b36e   0x00000002   PAD
    0x0800b370   0x0800b370   0x00000008   Code   RO         7953    i.USBD_static_malloc  usbd_conf.o
    0x0800b378   0x0800b378   0x00000080   Code   RO         6730    i.USB_ActivateEndpoint  stm32h7xx_ll_usb.o
    0x0800b3f8   0x0800b3f8   0x0000001c   Code   RO         6732    i.USB_ActivateSetup  stm32h7xx_ll_usb.o
    0x0800b414   0x0800b414   0x00000088   Code   RO         6734    i.USB_CoreInit      stm32h7xx_ll_usb.o
    0x0800b49c   0x0800b49c   0x00000034   Code   RO         6735    i.USB_CoreReset     stm32h7xx_ll_usb.o
    0x0800b4d0   0x0800b4d0   0x000000d0   Code   RO         6738    i.USB_DeactivateEndpoint  stm32h7xx_ll_usb.o
    0x0800b5a0   0x0800b5a0   0x0000001c   Code   RO         6739    i.USB_DevConnect    stm32h7xx_ll_usb.o
    0x0800b5bc   0x0800b5bc   0x0000001c   Code   RO         6740    i.USB_DevDisconnect  stm32h7xx_ll_usb.o
    0x0800b5d8   0x0800b5d8   0x00000170   Code   RO         6741    i.USB_DevInit       stm32h7xx_ll_usb.o
    0x0800b748   0x0800b748   0x0000000c   Code   RO         6742    i.USB_DisableGlobalInt  stm32h7xx_ll_usb.o
    0x0800b754   0x0800b754   0x00000118   Code   RO         6745    i.USB_EP0StartXfer  stm32h7xx_ll_usb.o
    0x0800b86c   0x0800b86c   0x00000058   Code   RO         6746    i.USB_EP0_OutStart  stm32h7xx_ll_usb.o
    0x0800b8c4   0x0800b8c4   0x00000058   Code   RO         6747    i.USB_EPClearStall  stm32h7xx_ll_usb.o
    0x0800b91c   0x0800b91c   0x00000058   Code   RO         6748    i.USB_EPSetStall    stm32h7xx_ll_usb.o
    0x0800b974   0x0800b974   0x000001e4   Code   RO         6749    i.USB_EPStartXfer   stm32h7xx_ll_usb.o
    0x0800bb58   0x0800bb58   0x0000000c   Code   RO         6750    i.USB_EnableGlobalInt  stm32h7xx_ll_usb.o
    0x0800bb64   0x0800bb64   0x00000020   Code   RO         6751    i.USB_FlushRxFifo   stm32h7xx_ll_usb.o
    0x0800bb84   0x0800bb84   0x00000024   Code   RO         6752    i.USB_FlushTxFifo   stm32h7xx_ll_usb.o
    0x0800bba8   0x0800bba8   0x0000001a   Code   RO         6754    i.USB_GetDevSpeed   stm32h7xx_ll_usb.o
    0x0800bbc2   0x0800bbc2   0x00000008   Code   RO         6756    i.USB_GetMode       stm32h7xx_ll_usb.o
    0x0800bbca   0x0800bbca   0x0000000e   Code   RO         6763    i.USB_ReadDevAllInEpInterrupt  stm32h7xx_ll_usb.o
    0x0800bbd8   0x0800bbd8   0x0000000e   Code   RO         6764    i.USB_ReadDevAllOutEpInterrupt  stm32h7xx_ll_usb.o
    0x0800bbe6   0x0800bbe6   0x00000024   Code   RO         6765    i.USB_ReadDevInEPInterrupt  stm32h7xx_ll_usb.o
    0x0800bc0a   0x0800bc0a   0x00000010   Code   RO         6766    i.USB_ReadDevOutEPInterrupt  stm32h7xx_ll_usb.o
    0x0800bc1a   0x0800bc1a   0x00000008   Code   RO         6767    i.USB_ReadInterrupts  stm32h7xx_ll_usb.o
    0x0800bc22   0x0800bc22   0x0000003e   Code   RO         6768    i.USB_ReadPacket    stm32h7xx_ll_usb.o
    0x0800bc60   0x0800bc60   0x0000002e   Code   RO         6770    i.USB_SetCurrentMode  stm32h7xx_ll_usb.o
    0x0800bc8e   0x0800bc8e   0x00000022   Code   RO         6771    i.USB_SetDevAddress  stm32h7xx_ll_usb.o
    0x0800bcb0   0x0800bcb0   0x000000e8   Code   RO         6773    i.USB_SetTurnaroundTime  stm32h7xx_ll_usb.o
    0x0800bd98   0x0800bd98   0x00000042   Code   RO         6774    i.USB_StopDevice    stm32h7xx_ll_usb.o
    0x0800bdda   0x0800bdda   0x00000026   Code   RO         6776    i.USB_WritePacket   stm32h7xx_ll_usb.o
    0x0800be00   0x0800be00   0x00000002   Code   RO          731    i.UsageFault_Handler  stm32h7xx_it.o
    0x0800be02   0x0800be02   0x00000002   PAD
    0x0800be04   0x0800be04   0x00000020   Code   RO        10630    i.__0printf         mc_w.l(printfa.o)
    0x0800be24   0x0800be24   0x00000028   Code   RO        10632    i.__0sprintf        mc_w.l(printfa.o)
    0x0800be4c   0x0800be4c   0x00000020   Code   RO         2964    i.__NVIC_SetPriority  stm32h7xx_hal_cortex.o
    0x0800be6c   0x0800be6c   0x00000044   Code   RO         9677    i.__rt_ffs          kservice.o
    0x0800beb0   0x0800beb0   0x0000000e   Code   RO        10698    i.__scatterload_copy  mc_w.l(handlers.o)
    0x0800bebe   0x0800bebe   0x00000002   Code   RO        10699    i.__scatterload_null  mc_w.l(handlers.o)
    0x0800bec0   0x0800bec0   0x0000000e   Code   RO        10700    i.__scatterload_zeroinit  mc_w.l(handlers.o)
    0x0800bece   0x0800bece   0x00000002   PAD
    0x0800bed0   0x0800bed0   0x00000184   Code   RO        10637    i._fp_digits        mc_w.l(printfa.o)
    0x0800c054   0x0800c054   0x00000014   Code   RO         9401    i._has_defunct_thread  idle.o
    0x0800c068   0x0800c068   0x000000d0   Code   RO         9065    i._msh_exec_cmd     msh.o
    0x0800c138   0x0800c138   0x000006dc   Code   RO        10638    i._printf_core      mc_w.l(printfa.o)
    0x0800c814   0x0800c814   0x00000024   Code   RO        10639    i._printf_post_padding  mc_w.l(printfa.o)
    0x0800c838   0x0800c838   0x0000002e   Code   RO        10640    i._printf_pre_padding  mc_w.l(printfa.o)
    0x0800c866   0x0800c866   0x00000002   PAD
    0x0800c868   0x0800c868   0x000000c0   Code   RO        10047    i._rt_scheduler_stack_check  scheduler.o
    0x0800c928   0x0800c928   0x000000c0   Code   RO        10121    i._rt_thread_init   thread.o
    0x0800c9e8   0x0800c9e8   0x00000026   Code   RO        10263    i._rt_timer_init    timer.o
    0x0800ca0e   0x0800ca0e   0x00000020   Code   RO        10264    i._rt_timer_remove  timer.o
    0x0800ca2e   0x0800ca2e   0x0000000a   Code   RO        10642    i._sputc            mc_w.l(printfa.o)
    0x0800ca38   0x0800ca38   0x000000e8   Code   RO         9338    i.bus_fault_track   cpuport.o
    0x0800cb20   0x0800cb20   0x00000078   Code   RO         7383    i.change_bitmap     ff.o
    0x0800cb98   0x0800cb98   0x0000008c   Code   RO         7384    i.check_fs          ff.o
    0x0800cc24   0x0800cc24   0x00000010   Code   RO         7385    i.chk_chr           ff.o
    0x0800cc34   0x0800cc34   0x0000005c   Code   RO         7386    i.chk_lock          ff.o
    0x0800cc90   0x0800cc90   0x00000010   Code   RO            9    i.clc_watchdog      main.o
    0x0800cca0   0x0800cca0   0x00000020   Code   RO         7387    i.clear_lock        ff.o
    0x0800ccc0   0x0800ccc0   0x00000032   Code   RO         7388    i.clmt_clust        ff.o
    0x0800ccf2   0x0800ccf2   0x00000018   Code   RO         7389    i.clust2sect        ff.o
    0x0800cd0a   0x0800cd0a   0x0000000a   Code   RO         9066    i.cmd_free          msh.o
    0x0800cd14   0x0800cd14   0x0000000a   Code   RO         9067    i.cmd_ps            msh.o
    0x0800cd1e   0x0800cd1e   0x00000002   PAD
    0x0800cd20   0x0800cd20   0x00000084   Code   RO         7390    i.cmp_lfn           ff.o
    0x0800cda4   0x0800cda4   0x00000132   Code   RO         7391    i.create_chain      ff.o
    0x0800ced6   0x0800ced6   0x00000002   PAD
    0x0800ced8   0x0800ced8   0x0000021c   Code   RO         7392    i.create_name       ff.o
    0x0800d0f4   0x0800d0f4   0x0000007c   Code   RO         7393    i.create_xdir       ff.o
    0x0800d170   0x0800d170   0x00000034   Code   RO         7394    i.dec_lock          ff.o
    0x0800d1a4   0x0800d1a4   0x00000058   Code   RO         7395    i.dir_alloc         ff.o
    0x0800d1fc   0x0800d1fc   0x00000146   Code   RO         7396    i.dir_find          ff.o
    0x0800d342   0x0800d342   0x00000104   Code   RO         7397    i.dir_next          ff.o
    0x0800d446   0x0800d446   0x000000d6   Code   RO         7398    i.dir_read          ff.o
    0x0800d51c   0x0800d51c   0x0000023c   Code   RO         7399    i.dir_register      ff.o
    0x0800d758   0x0800d758   0x00000096   Code   RO         7401    i.dir_sdi           ff.o
    0x0800d7ee   0x0800d7ee   0x00000002   PAD
    0x0800d7f0   0x0800d7f0   0x00000028   Code   RO         7328    i.disk_initialize   diskio.o
    0x0800d818   0x0800d818   0x0000001c   Code   RO         7329    i.disk_ioctl        diskio.o
    0x0800d834   0x0800d834   0x0000001c   Code   RO         7330    i.disk_read         diskio.o
    0x0800d850   0x0800d850   0x00000018   Code   RO         7331    i.disk_status       diskio.o
    0x0800d868   0x0800d868   0x0000001c   Code   RO         7332    i.disk_write        diskio.o
    0x0800d884   0x0800d884   0x00000028   Code   RO         7402    i.f_close           ff.o
    0x0800d8ac   0x0800d8ac   0x00000118   Code   RO         7404    i.f_getfree         ff.o
    0x0800d9c4   0x0800d9c4   0x0000030e   Code   RO         7406    i.f_lseek           ff.o
    0x0800dcd2   0x0800dcd2   0x00000002   PAD
    0x0800dcd4   0x0800dcd4   0x00000058   Code   RO         7409    i.f_mount           ff.o
    0x0800dd2c   0x0800dd2c   0x0000033c   Code   RO         7410    i.f_open            ff.o
    0x0800e068   0x0800e068   0x00000156   Code   RO         7419    i.f_sync            ff.o
    0x0800e1be   0x0800e1be   0x000001c8   Code   RO         7422    i.f_write           ff.o
    0x0800e386   0x0800e386   0x00000002   PAD
    0x0800e388   0x0800e388   0x0000004c   Code   RO         7867    i.ff_convert        cc936.o
    0x0800e3d4   0x0800e3d4   0x00000080   Code   RO         7868    i.ff_wtoupper       cc936.o
    0x0800e454   0x0800e454   0x0000002e   Code   RO         7423    i.fill_first_frag   ff.o
    0x0800e482   0x0800e482   0x00000032   Code   RO         7424    i.fill_last_frag    ff.o
    0x0800e4b4   0x0800e4b4   0x00000090   Code   RO         7425    i.find_bitmap       ff.o
    0x0800e544   0x0800e544   0x0000035c   Code   RO         7426    i.find_volume       ff.o
    0x0800e8a0   0x0800e8a0   0x00000060   Code   RO         9134    i.finsh_get_prompt  shell.o
    0x0800e900   0x0800e900   0x00000040   Code   RO         9138    i.finsh_set_prompt_mode  shell.o
    0x0800e940   0x0800e940   0x0000000c   Code   RO         9139    i.finsh_system_function_init  shell.o
    0x0800e94c   0x0800e94c   0x00000094   Code   RO         9140    i.finsh_system_init  shell.o
    0x0800e9e0   0x0800e9e0   0x0000030c   Code   RO         9142    i.finsh_thread_entry  shell.o
    0x0800ecec   0x0800ecec   0x000000b6   Code   RO         7427    i.follow_path       ff.o
    0x0800eda2   0x0800eda2   0x00000002   PAD
    0x0800eda4   0x0800eda4   0x00000018   Code   RO          652    i.fputc             usart.o
    0x0800edbc   0x0800edbc   0x0000008c   Code   RO         7428    i.gen_numname       ff.o
    0x0800ee48   0x0800ee48   0x0000012c   Code   RO         7429    i.get_fat           ff.o
    0x0800ef74   0x0800ef74   0x00000004   Code   RO         7291    i.get_fattime       fatfs.o
    0x0800ef78   0x0800ef78   0x0000003c   Code   RO         7431    i.get_ldnumber      ff.o
    0x0800efb4   0x0800efb4   0x00000078   Code   RO         9339    i.hard_fault_track  cpuport.o
    0x0800f02c   0x0800f02c   0x00000040   Code   RO          339    i.hdas_test_thread_init  hdas_thread.o
    0x0800f06c   0x0800f06c   0x00000108   Code   RO          340    i.hdas_thread_init  hdas_thread.o
    0x0800f174   0x0800f174   0x00000020   Code   RO         8939    i.hello             cmd.o
    0x0800f194   0x0800f194   0x00000080   Code   RO         7433    i.inc_lock          ff.o
    0x0800f214   0x0800f214   0x0000017c   Code   RO          341    i.key1_thread_entry  hdas_thread.o
    0x0800f390   0x0800f390   0x00000168   Code   RO          342    i.key2_thread_entry  hdas_thread.o
    0x0800f4f8   0x0800f4f8   0x00000026   Code   RO         7434    i.ld_clust          ff.o
    0x0800f51e   0x0800f51e   0x00000016   Code   RO         7435    i.ld_dword          ff.o
    0x0800f534   0x0800f534   0x00000056   Code   RO         7436    i.ld_qword          ff.o
    0x0800f58a   0x0800f58a   0x0000000a   Code   RO         7437    i.ld_word           ff.o
    0x0800f594   0x0800f594   0x00000020   Code   RO          343    i.led1_thread_entry  hdas_thread.o
    0x0800f5b4   0x0800f5b4   0x00000064   Code   RO         8940    i.list              cmd.o
    0x0800f618   0x0800f618   0x00000024   Code   RO         8941    i.list_find_init    cmd.o
    0x0800f63c   0x0800f63c   0x0000006a   Code   RO         8942    i.list_get_next     cmd.o
    0x0800f6a6   0x0800f6a6   0x00000002   PAD
    0x0800f6a8   0x0800f6a8   0x00000140   Code   RO         8943    i.list_mailbox      cmd.o
    0x0800f7e8   0x0800f7e8   0x0000006c   Code   RO         9866    i.list_mem          mem.o
    0x0800f854   0x0800f854   0x0000012c   Code   RO         8944    i.list_msgqueue     cmd.o
    0x0800f980   0x0800f980   0x00000120   Code   RO         8945    i.list_sem          cmd.o
    0x0800faa0   0x0800faa0   0x000001b8   Code   RO         8946    i.list_thread       cmd.o
    0x0800fc58   0x0800fc58   0x00000140   Code   RO         8947    i.list_timer        cmd.o
    0x0800fd98   0x0800fd98   0x00000038   Code   RO         7438    i.load_obj_dir      ff.o
    0x0800fdd0   0x0800fdd0   0x000000c8   Code   RO         7439    i.load_xdir         ff.o
    0x0800fe98   0x0800fe98   0x000002e4   Code   RO           10    i.main              main.o
    0x0801017c   0x0801017c   0x0000000e   Code   RO         9262    i.main_thread_entry  components.o
    0x0801018a   0x0801018a   0x00000018   Code   RO         7440    i.mem_cmp           ff.o
    0x080101a2   0x080101a2   0x00000012   Code   RO         7441    i.mem_cpy           ff.o
    0x080101b4   0x080101b4   0x000000d8   Code   RO         9340    i.mem_manage_fault_track  cpuport.o
    0x0801028c   0x0801028c   0x0000000c   Code   RO         7442    i.mem_set           ff.o
    0x08010298   0x08010298   0x00000032   Code   RO         7443    i.move_window       ff.o
    0x080102ca   0x080102ca   0x00000002   PAD
    0x080102cc   0x080102cc   0x000000ac   Code   RO         9068    i.msh_auto_complete  msh.o
    0x08010378   0x08010378   0x00000064   Code   RO         9069    i.msh_exec          msh.o
    0x080103dc   0x080103dc   0x00000078   Code   RO         9070    i.msh_help          msh.o
    0x08010454   0x08010454   0x00000004   Code   RO         9071    i.msh_is_used       msh.o
    0x08010458   0x08010458   0x000000d0   Code   RO         9072    i.msh_split         msh.o
    0x08010528   0x08010528   0x00000018   Code   RO         8948    i.object_split      cmd.o
    0x08010540   0x08010540   0x00000070   Code   RO         7444    i.pick_lfn          ff.o
    0x080105b0   0x080105b0   0x000000e8   Code   RO         9867    i.plug_holes        mem.o
    0x08010698   0x08010698   0x0000012c   Code   RO         9679    i.print_number      kservice.o
    0x080107c4   0x080107c4   0x000000f6   Code   RO         7445    i.put_fat           ff.o
    0x080108ba   0x080108ba   0x000000ec   Code   RO         7448    i.remove_chain      ff.o
    0x080109a6   0x080109a6   0x00000002   PAD
    0x080109a8   0x080109a8   0x00000050   Code   RO         9263    i.rt_application_init  components.o
    0x080109f8   0x080109f8   0x0000006c   Code   RO         9680    i.rt_assert_handler  kservice.o
    0x08010a64   0x08010a64   0x0000001a   Code   RO         9868    i.rt_calloc         mem.o
    0x08010a7e   0x08010a7e   0x00000002   PAD
    0x08010a80   0x08010a80   0x00000048   Code   RO         9264    i.rt_components_board_init  components.o
    0x08010ac8   0x08010ac8   0x00000070   Code   RO         9265    i.rt_components_init  components.o
    0x08010b38   0x08010b38   0x0000001c   Code   RO        10049    i.rt_enter_critical  scheduler.o
    0x08010b54   0x08010b54   0x00000038   Code   RO        10050    i.rt_exit_critical  scheduler.o
    0x08010b8c   0x08010b8c   0x000001cc   Code   RO         9869    i.rt_free           mem.o
    0x08010d58   0x08010d58   0x00000008   Code   RO         8896    i.rt_heap_begin_get  board.o
    0x08010d60   0x08010d60   0x00000008   Code   RO         8897    i.rt_heap_end_get   board.o
    0x08010d68   0x08010d68   0x0000005c   Code   RO         8898    i.rt_hw_board_init  board.o
    0x08010dc4   0x08010dc4   0x00000038   Code   RO          653    i.rt_hw_console_getchar  usart.o
    0x08010dfc   0x08010dfc   0x00000040   Code   RO          654    i.rt_hw_console_output  usart.o
    0x08010e3c   0x08010e3c   0x00000218   Code   RO         9344    i.rt_hw_hard_fault_exception  cpuport.o
    0x08011054   0x08011054   0x0000003c   Code   RO         9345    i.rt_hw_stack_init  cpuport.o
    0x08011090   0x08011090   0x00000024   Code   RO         9638    i.rt_interrupt_enter  irq.o
    0x080110b4   0x080110b4   0x0000000c   Code   RO         9640    i.rt_interrupt_get_nest  irq.o
    0x080110c0   0x080110c0   0x00000024   Code   RO         9641    i.rt_interrupt_leave  irq.o
    0x080110e4   0x080110e4   0x0000000e   Code   RO         9454    i.rt_ipc_list_resume  ipc.o
    0x080110f2   0x080110f2   0x0000002e   Code   RO         9455    i.rt_ipc_list_resume_all  ipc.o
    0x08011120   0x08011120   0x00000050   Code   RO         9456    i.rt_ipc_list_suspend  ipc.o
    0x08011170   0x08011170   0x00000020   Code   RO         9685    i.rt_kprintf        kservice.o
    0x08011190   0x08011190   0x0000000e   Code   RO         9940    i.rt_list_insert_after  object.o
    0x0801119e   0x0801119e   0x0000000e   Code   RO        10122    i.rt_list_insert_after  thread.o
    0x080111ac   0x080111ac   0x0000000e   Code   RO        10265    i.rt_list_insert_after  timer.o
    0x080111ba   0x080111ba   0x0000000e   Code   RO         9457    i.rt_list_insert_before  ipc.o
    0x080111c8   0x080111c8   0x0000000e   Code   RO         8949    i.rt_list_isempty   cmd.o
    0x080111d6   0x080111d6   0x0000000e   Code   RO         9458    i.rt_list_isempty   ipc.o
    0x080111e4   0x080111e4   0x0000000e   Code   RO        10266    i.rt_list_isempty   timer.o
    0x080111f2   0x080111f2   0x00000012   Code   RO         8950    i.rt_list_len       cmd.o
    0x08011204   0x08011204   0x00000012   Code   RO         9941    i.rt_list_remove    object.o
    0x08011216   0x08011216   0x00000012   Code   RO        10123    i.rt_list_remove    thread.o
    0x08011228   0x08011228   0x000001fc   Code   RO         9871    i.rt_malloc         mem.o
    0x08011424   0x08011424   0x0000002e   Code   RO         9690    i.rt_memmove        kservice.o
    0x08011452   0x08011452   0x00000042   Code   RO         9691    i.rt_memset         kservice.o
    0x08011494   0x08011494   0x000000d8   Code   RO         9942    i.rt_object_allocate  object.o
    0x0801156c   0x0801156c   0x00000098   Code   RO         9944    i.rt_object_delete  object.o
    0x08011604   0x08011604   0x00000054   Code   RO         9945    i.rt_object_detach  object.o
    0x08011658   0x08011658   0x00000024   Code   RO         9948    i.rt_object_get_information  object.o
    0x0801167c   0x0801167c   0x00000034   Code   RO         9949    i.rt_object_get_type  object.o
    0x080116b0   0x080116b0   0x000000ac   Code   RO         9950    i.rt_object_init    object.o
    0x0801175c   0x0801175c   0x00000038   Code   RO         9951    i.rt_object_is_systemobject  object.o
    0x08011794   0x08011794   0x0000006c   Code   RO        10051    i.rt_schedule       scheduler.o
    0x08011800   0x08011800   0x00000074   Code   RO        10052    i.rt_schedule_insert_thread  scheduler.o
    0x08011874   0x08011874   0x00000070   Code   RO        10053    i.rt_schedule_remove_thread  scheduler.o
    0x080118e4   0x080118e4   0x0000006c   Code   RO         9475    i.rt_sem_control    ipc.o
    0x08011950   0x08011950   0x0000006c   Code   RO         9479    i.rt_sem_init       ipc.o
    0x080119bc   0x080119bc   0x00000088   Code   RO         9480    i.rt_sem_release    ipc.o
    0x08011a44   0x08011a44   0x0000017c   Code   RO         9481    i.rt_sem_take       ipc.o
    0x08011bc0   0x08011bc0   0x000000b0   Code   RO         9693    i.rt_show_version   kservice.o
    0x08011c70   0x08011c70   0x00000010   Code   RO         9699    i.rt_strlen         kservice.o
    0x08011c80   0x08011c80   0x00000026   Code   RO         9701    i.rt_strncpy        kservice.o
    0x08011ca6   0x08011ca6   0x00000002   PAD
    0x08011ca8   0x08011ca8   0x00000108   Code   RO         9875    i.rt_system_heap_init  mem.o
    0x08011db0   0x08011db0   0x00000034   Code   RO        10055    i.rt_system_scheduler_init  scheduler.o
    0x08011de4   0x08011de4   0x00000028   Code   RO        10056    i.rt_system_scheduler_start  scheduler.o
    0x08011e0c   0x08011e0c   0x00000018   Code   RO        10267    i.rt_system_timer_init  timer.o
    0x08011e24   0x08011e24   0x00000002   Code   RO        10268    i.rt_system_timer_thread_init  timer.o
    0x08011e26   0x08011e26   0x00000048   Code   RO        10125    i.rt_thread_create  thread.o
    0x08011e6e   0x08011e6e   0x00000002   PAD
    0x08011e70   0x08011e70   0x00000058   Code   RO        10129    i.rt_thread_exit    thread.o
    0x08011ec8   0x08011ec8   0x0000001c   Code   RO         9403    i.rt_thread_idle_entry  idle.o
    0x08011ee4   0x08011ee4   0x000000cc   Code   RO         9404    i.rt_thread_idle_excute  idle.o
    0x08011fb0   0x08011fb0   0x00000038   Code   RO         9406    i.rt_thread_idle_init  idle.o
    0x08011fe8   0x08011fe8   0x00000080   Code   RO        10131    i.rt_thread_init    thread.o
    0x08012068   0x08012068   0x0000000e   Code   RO        10133    i.rt_thread_mdelay  thread.o
    0x08012076   0x08012076   0x00000002   PAD
    0x08012078   0x08012078   0x0000008c   Code   RO        10134    i.rt_thread_resume  thread.o
    0x08012104   0x08012104   0x0000000c   Code   RO        10136    i.rt_thread_self    thread.o
    0x08012110   0x08012110   0x00000080   Code   RO        10137    i.rt_thread_sleep   thread.o
    0x08012190   0x08012190   0x000000bc   Code   RO        10138    i.rt_thread_startup  thread.o
    0x0801224c   0x0801224c   0x00000090   Code   RO        10139    i.rt_thread_suspend  thread.o
    0x080122dc   0x080122dc   0x000000b4   Code   RO        10141    i.rt_thread_timeout  thread.o
    0x08012390   0x08012390   0x00000060   Code   RO        10142    i.rt_thread_yield   thread.o
    0x080123f0   0x080123f0   0x00000032   Code   RO         9224    i.rt_tick_from_millisecond  clock.o
    0x08012422   0x08012422   0x00000002   PAD
    0x08012424   0x08012424   0x0000000c   Code   RO         9225    i.rt_tick_get       clock.o
    0x08012430   0x08012430   0x0000002c   Code   RO         9226    i.rt_tick_increase  clock.o
    0x0801245c   0x0801245c   0x00000084   Code   RO        10269    i.rt_timer_check    timer.o
    0x080124e0   0x080124e0   0x000000b0   Code   RO        10270    i.rt_timer_control  timer.o
    0x08012590   0x08012590   0x000000d4   Code   RO        10273    i.rt_timer_detach   timer.o
    0x08012664   0x08012664   0x00000050   Code   RO        10276    i.rt_timer_init     timer.o
    0x080126b4   0x080126b4   0x0000015c   Code   RO        10278    i.rt_timer_start    timer.o
    0x08012810   0x08012810   0x000000b4   Code   RO        10279    i.rt_timer_stop     timer.o
    0x080128c4   0x080128c4   0x00000264   Code   RO         9704    i.rt_vsnprintf      kservice.o
    0x08012b28   0x08012b28   0x00000004   Code   RO         9266    i.rti_board_end     components.o
    0x08012b2c   0x08012b2c   0x00000004   Code   RO         9267    i.rti_board_start   components.o
    0x08012b30   0x08012b30   0x00000004   Code   RO         9268    i.rti_end           components.o
    0x08012b34   0x08012b34   0x00000004   Code   RO         9269    i.rti_start         components.o
    0x08012b38   0x08012b38   0x0000002a   Code   RO         9270    i.rtthread_startup  components.o
    0x08012b62   0x08012b62   0x00000002   PAD
    0x08012b64   0x08012b64   0x0000002c   Code   RO         9143    i.shell_handle_history  shell.o
    0x08012b90   0x08012b90   0x000000b0   Code   RO         9144    i.shell_push_history  shell.o
    0x08012c40   0x08012c40   0x00000030   Code   RO         8951    i.show_wait_queue   cmd.o
    0x08012c70   0x08012c70   0x00000028   Code   RO         9706    i.skip_atoi         kservice.o
    0x08012c98   0x08012c98   0x00000498   Code   RO          501    i.sprintf_data_to_buf  sdmmc_fatfs.o
    0x08013130   0x08013130   0x00000028   Code   RO         7449    i.st_clust          ff.o
    0x08013158   0x08013158   0x00000010   Code   RO         7450    i.st_dword          ff.o
    0x08013168   0x08013168   0x0000004a   Code   RO         7451    i.st_qword          ff.o
    0x080131b2   0x080131b2   0x00000008   Code   RO         7452    i.st_word           ff.o
    0x080131ba   0x080131ba   0x00000002   PAD
    0x080131bc   0x080131bc   0x00000174   Code   RO          344    i.start_sampling    hdas_thread.o
    0x08013330   0x08013330   0x000000e4   Code   RO          345    i.stop_sampling     hdas_thread.o
    0x08013414   0x08013414   0x00000180   Code   RO          346    i.storage_thread_entry  hdas_thread.o
    0x08013594   0x08013594   0x0000006a   Code   RO         7453    i.store_xdir        ff.o
    0x080135fe   0x080135fe   0x0000001a   Code   RO         7454    i.sum_sfn           ff.o
    0x08013618   0x08013618   0x00000088   Code   RO         7455    i.sync_fs           ff.o
    0x080136a0   0x080136a0   0x00000052   Code   RO         7456    i.sync_window       ff.o
    0x080136f2   0x080136f2   0x00000002   PAD
    0x080136f4   0x080136f4   0x00000028   Code   RO          347    i.test_thread_entry  hdas_thread.o
    0x0801371c   0x0801371c   0x000000d0   Code   RO         9346    i.usage_fault_track  cpuport.o
    0x080137ec   0x080137ec   0x00000034   Code   RO         7457    i.validate          ff.o
    0x08013820   0x08013820   0x0000000a   Code   RO         8952    i.version           cmd.o
    0x0801382a   0x0801382a   0x00000034   Code   RO         7458    i.xdir_sum          ff.o
    0x0801385e   0x0801385e   0x0000003c   Code   RO         7459    i.xname_sum         ff.o
    0x0801389a   0x0801389a   0x00000002   PAD
    0x0801389c   0x0801389c   0x00000010   Data   RO          505    .constdata          sdmmc_fatfs.o
    0x080138ac   0x080138ac   0x00000008   Data   RO         2255    .constdata          stm32h7xx_hal_dma.o
    0x080138b4   0x080138b4   0x00000018   Data   RO         5689    .constdata          stm32h7xx_hal_uart.o
    0x080138cc   0x080138cc   0x00000010   Data   RO         6054    .constdata          stm32h7xx_hal_uart_ex.o
    0x080138dc   0x080138dc   0x00000010   Data   RO         7029    .constdata          system_stm32h7xx.o
    0x080138ec   0x080138ec   0x00000014   Data   RO         7222    .constdata          sd_diskio.o
    0x08013900   0x08013900   0x0000002a   Data   RO         7462    .constdata          ff.o
    0x0801392a   0x0801392a   0x0002abb6   Data   RO         7869    .constdata          cc936.o
    0x0803e4e0   0x0803e4e0   0x00000013   Data   RO         8152    .constdata          usb_device.o
    0x0803e4f3   0x0803e4f3   0x00000024   Data   RO         8198    .constdata          usbd_storage_if.o
    0x0803e517   0x0803e517   0x0000000e   Data   RO         9073    .constdata          msh.o
    0x0803e525   0x0803e525   0x00000012   Data   RO         9146    .constdata          shell.o
    0x0803e537   0x0803e537   0x0000004a   Data   RO         9147    .constdata          shell.o
    0x0803e581   0x0803e581   0x0000000a   Data   RO         9271    .constdata          components.o
    0x0803e58b   0x0803e58b   0x00000010   Data   RO         9272    .constdata          components.o
    0x0803e59b   0x0803e59b   0x0000000e   Data   RO         9273    .constdata          components.o
    0x0803e5a9   0x0803e5a9   0x00000008   Data   RO         9274    .constdata          components.o
    0x0803e5b1   0x0803e5b1   0x00000014   Data   RO         9275    .constdata          components.o
    0x0803e5c5   0x0803e5c5   0x00000016   Data   RO         9409    .constdata          idle.o
    0x0803e5db   0x0803e5db   0x0000011e   Data   RO         9483    .constdata          ipc.o
    0x0803e6f9   0x0803e6f9   0x00000122   Data   RO         9708    .constdata          kservice.o
    0x0803e81b   0x0803e81b   0x0000003c   Data   RO         9877    .constdata          mem.o
    0x0803e857   0x0803e857   0x00000080   Data   RO         9956    .constdata          object.o
    0x0803e8d7   0x0803e8d7   0x0000004e   Data   RO        10058    .constdata          scheduler.o
    0x0803e925   0x0803e925   0x000000b9   Data   RO        10143    .constdata          thread.o
    0x0803e9de   0x0803e9de   0x0000005c   Data   RO        10280    .constdata          timer.o
    0x0803ea3a   0x0803ea3a   0x00000002   PAD
    0x0803ea3c   0x0803ea3c   0x0000006c   Data   RO          349    .conststring        hdas_thread.o
    0x0803eaa8   0x0803eaa8   0x00000044   Data   RO         8953    .conststring        cmd.o
    0x0803eaec   0x0803eaec   0x00000045   Data   RO         9484    .conststring        ipc.o
    0x0803eb31   0x0803eb31   0x00000003   PAD
    0x0803eb34   0x0803eb34   0x000000ed   Data   RO         9878    .conststring        mem.o
    0x0803ec21   0x0803ec21   0x00000003   PAD
    0x0803ec24   0x0803ec24   0x00000042   Data   RO        10144    .conststring        thread.o
    0x0803ec66   0x0803ec66   0x00000015   Data   RO          352    .rodata.name        hdas_thread.o
    0x0803ec7b   0x0803ec7b   0x00000014   Data   RO          353    .rodata.name        hdas_thread.o
    0x0803ec8f   0x0803ec8f   0x00000014   Data   RO          354    .rodata.name        hdas_thread.o
    0x0803eca3   0x0803eca3   0x00000013   Data   RO          355    .rodata.name        hdas_thread.o
    0x0803ecb6   0x0803ecb6   0x00000006   Data   RO         8954    .rodata.name        cmd.o
    0x0803ecbc   0x0803ecbc   0x00000010   Data   RO         8955    .rodata.name        cmd.o
    0x0803eccc   0x0803eccc   0x00000008   Data   RO         8956    .rodata.name        cmd.o
    0x0803ecd4   0x0803ecd4   0x00000023   Data   RO         8957    .rodata.name        cmd.o
    0x0803ecf7   0x0803ecf7   0x0000000e   Data   RO         8958    .rodata.name        cmd.o
    0x0803ed05   0x0803ed05   0x00000023   Data   RO         8959    .rodata.name        cmd.o
    0x0803ed28   0x0803ed28   0x0000000c   Data   RO         8960    .rodata.name        cmd.o
    0x0803ed34   0x0803ed34   0x0000000c   Data   RO         8961    .rodata.name        cmd.o
    0x0803ed40   0x0803ed40   0x00000012   Data   RO         8962    .rodata.name        cmd.o
    0x0803ed52   0x0803ed52   0x0000000c   Data   RO         8963    .rodata.name        cmd.o
    0x0803ed5e   0x0803ed5e   0x00000009   Data   RO         8964    .rodata.name        cmd.o
    0x0803ed67   0x0803ed67   0x00000019   Data   RO         8965    .rodata.name        cmd.o
    0x0803ed80   0x0803ed80   0x0000000f   Data   RO         8966    .rodata.name        cmd.o
    0x0803ed8f   0x0803ed8f   0x00000019   Data   RO         8967    .rodata.name        cmd.o
    0x0803eda8   0x0803eda8   0x0000000d   Data   RO         8968    .rodata.name        cmd.o
    0x0803edb5   0x0803edb5   0x00000018   Data   RO         8969    .rodata.name        cmd.o
    0x0803edcd   0x0803edcd   0x00000013   Data   RO         8970    .rodata.name        cmd.o
    0x0803ede0   0x0803ede0   0x00000018   Data   RO         8971    .rodata.name        cmd.o
    0x0803edf8   0x0803edf8   0x0000000e   Data   RO         8972    .rodata.name        cmd.o
    0x0803ee06   0x0803ee06   0x0000001d   Data   RO         8973    .rodata.name        cmd.o
    0x0803ee23   0x0803ee23   0x00000014   Data   RO         8974    .rodata.name        cmd.o
    0x0803ee37   0x0803ee37   0x0000001d   Data   RO         8975    .rodata.name        cmd.o
    0x0803ee54   0x0803ee54   0x0000000b   Data   RO         8976    .rodata.name        cmd.o
    0x0803ee5f   0x0803ee5f   0x00000015   Data   RO         8977    .rodata.name        cmd.o
    0x0803ee74   0x0803ee74   0x00000011   Data   RO         8978    .rodata.name        cmd.o
    0x0803ee85   0x0803ee85   0x00000015   Data   RO         8979    .rodata.name        cmd.o
    0x0803ee9a   0x0803ee9a   0x00000005   Data   RO         8980    .rodata.name        cmd.o
    0x0803ee9f   0x0803ee9f   0x0000001a   Data   RO         8981    .rodata.name        cmd.o
    0x0803eeb9   0x0803eeb9   0x0000000b   Data   RO         9074    .rodata.name        msh.o
    0x0803eec4   0x0803eec4   0x00000016   Data   RO         9075    .rodata.name        msh.o
    0x0803eeda   0x0803eeda   0x00000009   Data   RO         9076    .rodata.name        msh.o
    0x0803eee3   0x0803eee3   0x0000001c   Data   RO         9077    .rodata.name        msh.o
    0x0803eeff   0x0803eeff   0x0000000b   Data   RO         9078    .rodata.name        msh.o
    0x0803ef0a   0x0803ef0a   0x00000025   Data   RO         9079    .rodata.name        msh.o
    0x0803ef2f   0x0803ef2f   0x00000009   Data   RO         9880    .rodata.name        mem.o
    0x0803ef38   0x0803ef38   0x0000001e   Data   RO         9881    .rodata.name        mem.o
    0x0803ef56   0x0803ef56   0x00000002   PAD
    0x0803ef58   0x0803ef58   0x00000008   Data   RO         9276    .rti_fn.0           components.o
    0x0803ef60   0x0803ef60   0x00000008   Data   RO         9277    .rti_fn.0.end       components.o
    0x0803ef68   0x0803ef68   0x00000008   Data   RO         9278    .rti_fn.1.end       components.o
    0x0803ef70   0x0803ef70   0x00000008   Data   RO         9149    .rti_fn.6           shell.o
    0x0803ef78   0x0803ef78   0x00000008   Data   RO         9279    .rti_fn.6.end       components.o
    0x0803ef80   0x0803ef80   0x00000018   Data   RO          356    FSymTab             hdas_thread.o
    0x0803ef98   0x0803ef98   0x000000a8   Data   RO         8982    FSymTab             cmd.o
    0x0803f040   0x0803f040   0x00000024   Data   RO         9080    FSymTab             msh.o
    0x0803f064   0x0803f064   0x0000000c   Data   RO         9882    FSymTab             mem.o
    0x0803f070   0x0803f070   0x00000020   Data   RO        10696    Region$$Table       anon$$obj.o


    Execution Region RW_IRAM1 (Exec base: 0x20000000, Load base: 0x0803f090, Size: 0x00000000, Max: 0x00020000, ABSOLUTE)

    **** No section assigned to this execution region ****


    Execution Region RW_IRAM2 (Exec base: 0x24000000, Load base: 0x0803f090, Size: 0x000409c8, Max: 0x00080000, ABSOLUTE, COMPRESSED[0x00000614])

    Exec Addr    Load Addr    Size         Type   Attr      Idx    E Section Name        Object

    0x24000000   COMPRESSED   0x00029000   Data   RW          503    .RAM_D1             sdmmc_fatfs.o
    0x24029000   COMPRESSED   0x00000001   Data   RW           12    .data               main.o
    0x24029001   COMPRESSED   0x00000003   PAD
    0x24029004   COMPRESSED   0x00000004   Data   RW           13    .data               main.o
    0x24029008   COMPRESSED   0x00000002   Data   RW          351    .data               hdas_thread.o
    0x2402900a   COMPRESSED   0x00000002   PAD
    0x2402900c   COMPRESSED   0x00000004   Data   RW          506    .data               sdmmc_fatfs.o
    0x24029010   COMPRESSED   0x00000004   Data   RW          603    .data               sdmmc.o
    0x24029014   COMPRESSED   0x00000001   Data   RW          657    .data               usart.o
    0x24029015   COMPRESSED   0x00000003   PAD
    0x24029018   COMPRESSED   0x00000008   Data   RW          963    .data               fmc.o
    0x24029020   COMPRESSED   0x0000000c   Data   RW         3134    .data               stm32h7xx_hal.o
    0x2402902c   COMPRESSED   0x00000008   Data   RW         7030    .data               system_stm32h7xx.o
    0x24029034   COMPRESSED   0x0000000c   Data   RW         7223    .data               sd_diskio.o
    0x24029040   COMPRESSED   0x00000005   Data   RW         7294    .data               fatfs.o
    0x24029045   COMPRESSED   0x00000003   PAD
    0x24029048   COMPRESSED   0x00000008   Data   RW         7463    .data               ff.o
    0x24029050   COMPRESSED   0x00000020   Data   RW         8199    .data               usbd_storage_if.o
    0x24029070   COMPRESSED   0x0000001c   Data   RW         8274    .data               usbd_desc.o
    0x2402908c   COMPRESSED   0x00000032   Data   RW         8275    .data               usbd_desc.o
    0x240290be   COMPRESSED   0x00000001   Data   RW         8485    .data               usbd_ctlreq.o
    0x240290bf   COMPRESSED   0x00000001   PAD
    0x240290c0   COMPRESSED   0x00000038   Data   RW         8619    .data               usbd_msc.o
    0x240290f8   COMPRESSED   0x0000006a   Data   RW         8620    .data               usbd_msc.o
    0x24029162   COMPRESSED   0x00000006   Data   RW         8764    .data               usbd_msc_data.o
    0x24029168   COMPRESSED   0x00000008   Data   RW         8765    .data               usbd_msc_data.o
    0x24029170   COMPRESSED   0x00000017   Data   RW         8766    .data               usbd_msc_data.o
    0x24029187   COMPRESSED   0x0000001b   Data   RW         8767    .data               usbd_msc_data.o
    0x240291a2   COMPRESSED   0x00000002   PAD
    0x240291a4   COMPRESSED   0x00000018   Data   RW         9148    .data               shell.o
    0x240291bc   COMPRESSED   0x00000004   Data   RW         9228    .data               clock.o
    0x240291c0   COMPRESSED   0x00000004   Data   RW         9348    .data               cpuport.o
    0x240291c4   COMPRESSED   0x00000004   Data   RW         9349    .data               cpuport.o
    0x240291c8   COMPRESSED   0x00000004   Data   RW         9350    .data               cpuport.o
    0x240291cc   COMPRESSED   0x00000004   Data   RW         9351    .data               cpuport.o
    0x240291d0   COMPRESSED   0x0000000c   Data   RW         9643    .data               irq.o
    0x240291dc   COMPRESSED   0x00000008   Data   RW         9709    .data               kservice.o
    0x240291e4   COMPRESSED   0x00000020   Data   RW         9879    .data               mem.o
    0x24029204   COMPRESSED   0x00000064   Data   RW         9957    .data               object.o
    0x24029268   COMPRESSED   0x00000018   Data   RW        10059    .data               scheduler.o
    0x24029280   COMPRESSED   0x0000000c   Data   RW        10145    .data               thread.o
    0x2402928c   COMPRESSED   0x00000014   Data   RW        10281    .data               timer.o
    0x240292a0   COMPRESSED   0x00000004   Data   RW        10672    .data               mc_w.l(stdout.o)
    0x240292a4        -       0x00000066   Zero   RW           11    .bss                main.o
    0x2402930a   COMPRESSED   0x00000002   PAD
    0x2402930c        -       0x000026d0   Zero   RW          348    .bss                hdas_thread.o
    0x2402b9dc   COMPRESSED   0x00000004   PAD
    0x2402b9e0        -       0x000004d0   Zero   RW          504    .bss                sdmmc_fatfs.o
    0x2402beb0        -       0x000000a4   Zero   RW          602    .bss                sdmmc.o
    0x2402bf54        -       0x00000118   Zero   RW          655    .bss                usart.o
    0x2402c06c        -       0x0000004c   Zero   RW          962    .bss                fmc.o
    0x2402c0b8   COMPRESSED   0x00000008   PAD
    0x2402c0c0        -       0x00010000   Zero   RW         1014    .bss                fmc_tim_ad7606.o
    0x2403c0c0        -       0x000000c4   Zero   RW         1080    .bss                tim.o
    0x2403c184        -       0x00000020   Zero   RW         7461    .bss                ff.o
    0x2403c1a4        -       0x0000000c   Zero   RW         7821    .bss                ff_gen_drv.o
    0x2403c1b0        -       0x00000680   Zero   RW         7954    .bss                usbd_conf.o
    0x2403c830        -       0x000002d0   Zero   RW         8151    .bss                usb_device.o
    0x2403cb00        -       0x00000200   Zero   RW         8273    .bss                usbd_desc.o
    0x2403cd00        -       0x00001000   Zero   RW         8899    .bss                board.o
    0x2403dd00        -       0x00000101   Zero   RW         9145    .bss                shell.o
    0x2403de01   COMPRESSED   0x00000003   PAD
    0x2403de04        -       0x00000198   Zero   RW         9408    .bss                idle.o
    0x2403df9c        -       0x00000100   Zero   RW         9707    .bss                kservice.o
    0x2403e09c        -       0x00000028   Zero   RW         9876    .bss                mem.o
    0x2403e0c4        -       0x00000100   Zero   RW        10057    .bss                scheduler.o
    0x2403e1c4   COMPRESSED   0x00000004   PAD
    0x2403e1c8        -       0x00002800   Zero   RW         7061    STACK               startup_stm32h743xx.o


==============================================================================

Image component sizes


      Code (inc. data)   RO Data    RW Data    ZI Data      Debug   Object Name

       126         18          0          0       4096       3059   board.o
       170         22          0          0          0       5225   bsp_driver_sd.o
       204         26     175030          0          0       3195   cc936.o
       106         12          0          4          0       1872   clock.o
      2056        766        751          0          0      16833   cmd.o
       346        138        100          0          0       6548   components.o
       308         26          0          0          0        796   context_rvds.o
      1372        734          0         16          0       6438   cpuport.o
       148         24          0          0          0       3837   diskio.o
        44          4          0          0          0        858   dma.o
        32         10          0          5          0       1600   fatfs.o
      9726        116         42          8         32      62959   ff.o
        70          6          0          0         12       1627   ff_gen_drv.o
       248         32          0          8         76       2310   fmc.o
       218         50          0          0      65536       4757   fmc_tim_ad7606.o
       660         38          0          0          0       1459   gpio.o
      2124        936        212          2       9936       7924   hdas_thread.o
       308         76         22          0        408       5926   idle.o
       900        226        355          0          0      24062   ipc.o
        84         14          0         12          0       2282   irq.o
      1502        220        290          8        256      12112   kservice.o
      1234        616          0          5        102    1355178   main.o
      1598        684        348         32         40       7008   mem.o
       832        178        168          0          0       8680   msh.o
       800        280        128        100          0      10710   object.o
       704        218         78         24        256       9146   scheduler.o
       444         34         20         12          0       6741   sd_diskio.o
       964        416          0          4        164       2857   sdmmc.o
      2060        394         16     167940       1232       4396   sdmmc_fatfs.o
      1320        170        100         24        257      12102   shell.o
        36          8        664          0      10240        800   startup_stm32h743xx.o
       224         38          0         12          0      23431   stm32h7xx_hal.o
       232         14          0          0          0      40197   stm32h7xx_hal_cortex.o
      6570        164          8          0          0      13558   stm32h7xx_hal_dma.o
       898         94          0          0          0       6178   stm32h7xx_hal_gpio.o
        28          6          0          0          0        898   stm32h7xx_hal_msp.o
      2526         14          0          0          0      15400   stm32h7xx_hal_pcd.o
       118          6          0          0          0       3363   stm32h7xx_hal_pcd_ex.o
        16          4          0          0          0        569   stm32h7xx_hal_pwr_ex.o
      2338        124          0          0          0       7232   stm32h7xx_hal_rcc.o
      4440        178          0          0          0      10483   stm32h7xx_hal_rcc_ex.o
      4398         84          0          0          0      24317   stm32h7xx_hal_sd.o
       108          6          0          0          0       1340   stm32h7xx_hal_sram.o
      2628        236          0          0          0      20166   stm32h7xx_hal_tim.o
       166         26          0          0          0       3344   stm32h7xx_hal_tim_ex.o
      3682        168         24          0          0      35665   stm32h7xx_hal_uart.o
       288          6         16          0          0       5542   stm32h7xx_hal_uart_ex.o
        88         28          0          0          0       5145   stm32h7xx_it.o
       300         14          0          0          0       3892   stm32h7xx_ll_fmc.o
      1818         68          0          0          0      25127   stm32h7xx_ll_sdmmc.o
      2696        136          0          0          0      23965   stm32h7xx_ll_usb.o
       228         40         16          8          0       1474   system_stm32h7xx.o
      1414        400        251         12          0      15964   thread.o
       564         72          0          0        196       4013   tim.o
      1252        468         92         20          0      12235   timer.o
       496         68          0          1        280       5868   usart.o
       240         92         19          0        720       1411   usb_device.o
       802         46          0          0       1664      24169   usbd_conf.o
       826          0          0          0          0      14019   usbd_core.o
      1246         30          0          1          0      14656   usbd_ctlreq.o
       282        100          0         78        512       6377   usbd_desc.o
       102          0          0          0          0       3900   usbd_ioreq.o
       446         16          0        162          0       9522   usbd_msc.o
       670          8          0          0          0       7665   usbd_msc_bot.o
         0          0          0         64          0       1017   usbd_msc_data.o
      2288         18          0          0          0      17415   usbd_msc_scsi.o
       102         16         36         32          0       4843   usbd_storage_if.o

    ----------------------------------------------------------------------
     75366       9280     178828     168608      96036    2007657   Object Totals
         0          0         32          0          0          0   (incl. Generated)
       102          0         10         14         21          0   (incl. Padding)

    ----------------------------------------------------------------------

      Code (inc. data)   RO Data    RW Data    ZI Data      Debug   Library Member Name

        86          0          0          0          0          0   __dczerorl2.o
         0          0          0          0          0          0   entry.o
         0          0          0          0          0          0   entry10a.o
         0          0          0          0          0          0   entry11a.o
         8          4          0          0          0          0   entry2.o
         4          0          0          0          0          0   entry5.o
         0          0          0          0          0          0   entry7b.o
         0          0          0          0          0          0   entry8b.o
         8          4          0          0          0          0   entry9a.o
        30          0          0          0          0          0   handlers.o
        36          8          0          0          0         68   init.o
         0          0          0          0          0          0   iusefp.o
        30          0          0          0          0         68   llshl.o
        36          0          0          0          0         68   llsshr.o
        32          0          0          0          0         68   llushr.o
        26          0          0          0          0         80   memcmp.o
        36          0          0          0          0         68   memcpya.o
        36          0          0          0          0        108   memseta.o
      2308         96          0          0          0        604   printfa.o
         0          0          0          4          0          0   stdout.o
        24          0          0          0          0         68   strcat.o
        18          0          0          0          0         68   strcpy.o
        14          0          0          0          0         68   strlen.o
        30          0          0          0          0         80   strncmp.o
        24          0          0          0          0         76   strncpy.o
        44          0          0          0          0         80   uidiv.o
        98          0          0          0          0         92   uldiv.o
        48          0          0          0          0         68   cdrcmple.o
       334          0          0          0          0        148   dadd.o
       222          0          0          0          0        100   ddiv.o
       186          0          0          0          0        176   depilogue.o
        48          0          0          0          0         68   dfixul.o
       228          0          0          0          0         96   dmul.o

    ----------------------------------------------------------------------
      3998        112          0          4          0       2320   Library Totals
         4          0          0          0          0          0   (incl. Padding)

    ----------------------------------------------------------------------

      Code (inc. data)   RO Data    RW Data    ZI Data      Debug   Library Name

      2928        112          0          4          0       1664   mc_w.l
      1066          0          0          0          0        656   mf_w.l

    ----------------------------------------------------------------------
      3998        112          0          4          0       2320   Library Totals

    ----------------------------------------------------------------------

==============================================================================


      Code (inc. data)   RO Data    RW Data    ZI Data      Debug   

     79364       9392     178828     168612      96036    1950413   Grand Totals
     79364       9392     178828       1556      96036    1950413   ELF Image Totals (compressed)
     79364       9392     178828       1556          0          0   ROM Totals

==============================================================================

    Total RO  Size (Code + RO Data)               258192 ( 252.14kB)
    Total RW  Size (RW Data + ZI Data)            264648 ( 258.45kB)
    Total ROM Size (Code + RO Data + RW Data)     259748 ( 253.66kB)

==============================================================================

